2022-02-10T09:32:47.753+0000 7f6f85a3c700  1 osd.0 pg_epoch: 48 pg[4.4( empty local-lis/les=44/45 n=0 ec=20/20 lis/c=44/20 les/c/f=45/21/0 sis=48 pruub=10.050860809s) [0,2,1] r=0 lpr=48 pi=[20,48)/2 crt=0'0 mlcod 0'0 active pruub 50.835514139s@ mbc={}] start_peering_interval up [0,1] -> [0,2,1], acting [0,1] -> [0,2,1], acting_primary 0 -> 0, up_primary 0 -> 0, role 0 -> 0, features acting 4540138292840890367 upacting 4540138292840890367
2022-02-10T09:32:47.753+0000 7f6f85a3c700  1 osd.0 pg_epoch: 48 pg[4.4( empty local-lis/les=44/45 n=0 ec=20/20 lis/c=44/20 les/c/f=45/21/0 sis=48 pruub=10.050860809s) [0,2,1] r=0 lpr=48 pi=[20,48)/2 crt=0'0 mlcod 0'0 unknown pruub 50.835514139s@ mbc={}] state<Start>: transitioning to Primary
2022-02-10T09:32:47.753+0000 7f6f83237700  1 osd.0 pg_epoch: 48 pg[4.11( empty local-lis/les=44/45 n=0 ec=20/20 lis/c=44/20 les/c/f=45/21/0 sis=48 pruub=10.042146621s) [0,1,2] r=0 lpr=48 pi=[20,48)/2 crt=0'0 mlcod 0'0 active pruub 50.826898279s@ mbc={}] start_peering_interval up [0,1] -> [0,1,2], acting [0,1] -> [0,1,2], acting_primary 0 -> 0, up_primary 0 -> 0, role 0 -> 0, features acting 4540138292840890367 upacting 4540138292840890367
2022-02-10T09:32:47.753+0000 7f6f83237700  1 osd.0 pg_epoch: 48 pg[4.11( empty local-lis/les=44/45 n=0 ec=20/20 lis/c=44/20 les/c/f=45/21/0 sis=48 pruub=10.042146621s) [0,1,2] r=0 lpr=48 pi=[20,48)/2 crt=0'0 mlcod 0'0 unknown pruub 50.826898279s@ mbc={}] state<Start>: transitioning to Primary
2022-02-10T09:32:47.753+0000 7f6f81a34700  1 osd.0 pg_epoch: 48 pg[4.14( empty local-lis/les=44/45 n=0 ec=20/20 lis/c=44/20 les/c/f=45/21/0 sis=48 pruub=10.050338979s) [2,0,1] r=1 lpr=48 pi=[20,48)/2 crt=0'0 mlcod 0'0 active pruub 50.835519837s@ mbc={}] start_peering_interval up [0,1] -> [2,0,1], acting [0,1] -> [2,0,1], acting_primary 0 -> 2, up_primary 0 -> 2, role 0 -> 1, features acting 4540138292840890367 upacting 4540138292840890367
2022-02-10T09:32:47.753+0000 7f6f81a34700  1 osd.0 pg_epoch: 48 pg[4.14( empty local-lis/les=44/45 n=0 ec=20/20 lis/c=44/20 les/c/f=45/21/0 sis=48 pruub=10.050282323s) [2,0,1] r=1 lpr=48 pi=[20,48)/2 crt=0'0 mlcod 0'0 unknown NOTIFY pruub 50.835519837s@ mbc={}] state<Start>: transitioning to Stray
2022-02-10T09:32:47.753+0000 7f6f8623d700  1 osd.0 pg_epoch: 48 pg[4.3( empty local-lis/les=44/45 n=0 ec=20/20 lis/c=44/20 les/c/f=45/21/0 sis=48 pruub=10.017603433s) [2,1,0] r=2 lpr=48 pi=[20,48)/2 crt=0'0 mlcod 0'0 active pruub 50.802993955s@ mbc={}] start_peering_interval up [1,0] -> [2,1,0], acting [1,0] -> [2,1,0], acting_primary 1 -> 2, up_primary 1 -> 2, role 1 -> 2, features acting 4540138292840890367 upacting 4540138292840890367
2022-02-10T09:32:47.753+0000 7f6f8623d700  1 osd.0 pg_epoch: 48 pg[4.3( empty local-lis/les=44/45 n=0 ec=20/20 lis/c=44/20 les/c/f=45/21/0 sis=48 pruub=10.017582814s) [2,1,0] r=2 lpr=48 pi=[20,48)/2 crt=0'0 mlcod 0'0 unknown NOTIFY pruub 50.802993955s@ mbc={}] state<Start>: transitioning to Stray
2022-02-10T09:32:47.753+0000 7f6f80a32700  1 osd.0 pg_epoch: 48 pg[4.1e( empty local-lis/les=44/45 n=0 ec=20/20 lis/c=44/20 les/c/f=45/21/0 sis=48 pruub=10.049988324s) [0,1,2] r=0 lpr=48 pi=[20,48)/2 crt=0'0 mlcod 0'0 active pruub 50.835499971s@ mbc={}] start_peering_interval up [0,1] -> [0,1,2], acting [0,1] -> [0,1,2], acting_primary 0 -> 0, up_primary 0 -> 0, role 0 -> 0, features acting 4540138292840890367 upacting 4540138292840890367
2022-02-10T09:32:47.753+0000 7f6f80a32700  1 osd.0 pg_epoch: 48 pg[4.1e( empty local-lis/les=44/45 n=0 ec=20/20 lis/c=44/20 les/c/f=45/21/0 sis=48 pruub=10.049988324s) [0,1,2] r=0 lpr=48 pi=[20,48)/2 crt=0'0 mlcod 0'0 unknown pruub 50.835499971s@ mbc={}] state<Start>: transitioning to Primary
2022-02-10T09:32:47.753+0000 7f6f82a36700  1 osd.0 pg_epoch: 48 pg[4.2( empty local-lis/les=44/45 n=0 ec=20/20 lis/c=44/20 les/c/f=45/21/0 sis=48 pruub=10.020063015s) [2,1,0] r=2 lpr=48 pi=[20,48)/2 crt=0'0 mlcod 0'0 active pruub 50.805678051s@ mbc={}] start_peering_interval up [1,0] -> [2,1,0], acting [1,0] -> [2,1,0], acting_primary 1 -> 2, up_primary 1 -> 2, role 1 -> 2, features acting 4540138292840890367 upacting 4540138292840890367
2022-02-10T09:32:47.753+0000 7f6f82a36700  1 osd.0 pg_epoch: 48 pg[4.2( empty local-lis/les=44/45 n=0 ec=20/20 lis/c=44/20 les/c/f=45/21/0 sis=48 pruub=10.020053595s) [2,1,0] r=2 lpr=48 pi=[20,48)/2 crt=0'0 mlcod 0'0 unknown NOTIFY pruub 50.805678051s@ mbc={}] state<Start>: transitioning to Stray
2022-02-10T09:32:47.753+0000 7f6f8723f700  1 osd.0 pg_epoch: 48 pg[4.19( empty local-lis/les=44/45 n=0 ec=20/20 lis/c=44/20 les/c/f=45/21/0 sis=48 pruub=10.041229432s) [2,0,1] r=1 lpr=48 pi=[20,48)/2 crt=0'0 mlcod 0'0 active pruub 50.826932288s@ mbc={}] start_peering_interval up [0,1] -> [2,0,1], acting [0,1] -> [2,0,1], acting_primary 0 -> 2, up_primary 0 -> 2, role 0 -> 1, features acting 4540138292840890367 upacting 4540138292840890367
2022-02-10T09:32:47.753+0000 7f6f8723f700  1 osd.0 pg_epoch: 48 pg[4.19( empty local-lis/les=44/45 n=0 ec=20/20 lis/c=44/20 les/c/f=45/21/0 sis=48 pruub=10.041218990s) [2,0,1] r=1 lpr=48 pi=[20,48)/2 crt=0'0 mlcod 0'0 unknown NOTIFY pruub 50.826932288s@ mbc={}] state<Start>: transitioning to Stray
2022-02-10T09:32:47.753+0000 7f6f82235700  1 osd.0 pg_epoch: 48 pg[3.13( empty local-lis/les=44/45 n=0 ec=16/16 lis/c=44/16 les/c/f=45/17/0 sis=48 pruub=10.017172397s) [1,0,2] r=1 lpr=48 pi=[16,48)/2 crt=0'0 mlcod 0'0 active pruub 50.802998142s@ mbc={}] start_peering_interval up [1,0] -> [1,0,2], acting [1,0] -> [1,0,2], acting_primary 1 -> 1, up_primary 1 -> 1, role 1 -> 1, features acting 4540138292840890367 upacting 4540138292840890367
2022-02-10T09:32:47.753+0000 7f6f82235700  1 osd.0 pg_epoch: 48 pg[3.13( empty local-lis/les=44/45 n=0 ec=16/16 lis/c=44/16 les/c/f=45/17/0 sis=48 pruub=10.017160292s) [1,0,2] r=1 lpr=48 pi=[16,48)/2 crt=0'0 mlcod 0'0 unknown NOTIFY pruub 50.802998142s@ mbc={}] state<Start>: transitioning to Stray
2022-02-10T09:32:47.757+0000 7f6f86a3e700  1 osd.0 pg_epoch: 48 pg[3.1a( empty local-lis/les=44/45 n=0 ec=16/16 lis/c=44/16 les/c/f=45/17/0 sis=48 pruub=10.036108782s) [2,0,1] r=1 lpr=48 pi=[16,48)/2 crt=0'0 mlcod 0'0 active pruub 50.825693198s@ mbc={}] start_peering_interval up [0,1] -> [2,0,1], acting [0,1] -> [2,0,1], acting_primary 0 -> 2, up_primary 0 -> 2, role 0 -> 1, features acting 4540138292840890367 upacting 4540138292840890367
2022-02-10T09:32:47.757+0000 7f6f86a3e700  1 osd.0 pg_epoch: 48 pg[3.1a( empty local-lis/les=44/45 n=0 ec=16/16 lis/c=44/16 les/c/f=45/17/0 sis=48 pruub=10.036044911s) [2,0,1] r=1 lpr=48 pi=[16,48)/2 crt=0'0 mlcod 0'0 unknown NOTIFY pruub 50.825693198s@ mbc={}] state<Start>: transitioning to Stray
2022-02-10T09:32:47.757+0000 7f6f86a3e700  1 osd.0 pg_epoch: 48 pg[4.1a( empty local-lis/les=44/45 n=0 ec=20/20 lis/c=44/20 les/c/f=45/21/0 sis=48 pruub=10.023632137s) [1,0,2] r=1 lpr=48 pi=[20,48)/2 crt=0'0 mlcod 0'0 active pruub 50.813403765s@ mbc={}] start_peering_interval up [1,0] -> [1,0,2], acting [1,0] -> [1,0,2], acting_primary 1 -> 1, up_primary 1 -> 1, role 1 -> 1, features acting 4540138292840890367 upacting 4540138292840890367
2022-02-10T09:32:47.757+0000 7f6f86a3e700  1 osd.0 pg_epoch: 48 pg[4.1a( empty local-lis/les=44/45 n=0 ec=20/20 lis/c=44/20 les/c/f=45/21/0 sis=48 pruub=10.023617155s) [1,0,2] r=1 lpr=48 pi=[20,48)/2 crt=0'0 mlcod 0'0 unknown NOTIFY pruub 50.813403765s@ mbc={}] state<Start>: transitioning to Stray
2022-02-10T09:32:47.757+0000 7f6f86a3e700  1 osd.0 pg_epoch: 48 pg[2.2( empty local-lis/les=44/45 n=0 ec=12/12 lis/c=44/12 les/c/f=45/13/0 sis=48 pruub=10.023544633s) [1,0,2] r=1 lpr=48 pi=[12,48)/2 crt=0'0 mlcod 0'0 active pruub 50.813418387s@ mbc={}] start_peering_interval up [1,0] -> [1,0,2], acting [1,0] -> [1,0,2], acting_primary 1 -> 1, up_primary 1 -> 1, role 1 -> 1, features acting 4540138292840890367 upacting 4540138292840890367
2022-02-10T09:32:47.757+0000 7f6f86a3e700  1 osd.0 pg_epoch: 48 pg[2.2( empty local-lis/les=44/45 n=0 ec=12/12 lis/c=44/12 les/c/f=45/13/0 sis=48 pruub=10.023534585s) [1,0,2] r=1 lpr=48 pi=[12,48)/2 crt=0'0 mlcod 0'0 unknown NOTIFY pruub 50.813418387s@ mbc={}] state<Start>: transitioning to Stray
2022-02-10T09:32:47.757+0000 7f6f86a3e700  1 osd.0 pg_epoch: 48 pg[3.a( empty local-lis/les=44/45 n=0 ec=16/16 lis/c=44/16 les/c/f=45/17/0 sis=48 pruub=10.023449396s) [1,0,2] r=1 lpr=48 pi=[16,48)/2 crt=0'0 mlcod 0'0 active pruub 50.813424216s@ mbc={}] start_peering_interval up [1,0] -> [1,0,2], acting [1,0] -> [1,0,2], acting_primary 1 -> 1, up_primary 1 -> 1, role 1 -> 1, features acting 4540138292840890367 upacting 4540138292840890367
2022-02-10T09:32:47.757+0000 7f6f86a3e700  1 osd.0 pg_epoch: 48 pg[3.a( empty local-lis/les=44/45 n=0 ec=16/16 lis/c=44/16 les/c/f=45/17/0 sis=48 pruub=10.023430485s) [1,0,2] r=1 lpr=48 pi=[16,48)/2 crt=0'0 mlcod 0'0 unknown NOTIFY pruub 50.813424216s@ mbc={}] state<Start>: transitioning to Stray
2022-02-10T09:32:47.757+0000 7f6f86a3e700  1 osd.0 pg_epoch: 48 pg[4.12( empty local-lis/les=44/45 n=0 ec=20/20 lis/c=44/20 les/c/f=45/21/0 sis=48 pruub=10.035701252s) [0,2,1] r=0 lpr=48 pi=[20,48)/2 crt=0'0 mlcod 0'0 active pruub 50.825774017s@ mbc={}] start_peering_interval up [0,1] -> [0,2,1], acting [0,1] -> [0,2,1], acting_primary 0 -> 0, up_primary 0 -> 0, role 0 -> 0, features acting 4540138292840890367 upacting 4540138292840890367
2022-02-10T09:32:47.757+0000 7f6f86a3e700  1 osd.0 pg_epoch: 48 pg[4.12( empty local-lis/les=44/45 n=0 ec=20/20 lis/c=44/20 les/c/f=45/21/0 sis=48 pruub=10.035701252s) [0,2,1] r=0 lpr=48 pi=[20,48)/2 crt=0'0 mlcod 0'0 unknown pruub 50.825774017s@ mbc={}] state<Start>: transitioning to Primary
2022-02-10T09:32:47.757+0000 7f6f86a3e700  1 osd.0 pg_epoch: 48 pg[3.2( empty local-lis/les=44/45 n=0 ec=16/16 lis/c=44/16 les/c/f=45/17/0 sis=48 pruub=10.036774570s) [0,2,1] r=0 lpr=48 pi=[16,48)/2 crt=0'0 mlcod 0'0 active pruub 50.826970224s@ mbc={}] start_peering_interval up [0,1] -> [0,2,1], acting [0,1] -> [0,2,1], acting_primary 0 -> 0, up_primary 0 -> 0, role 0 -> 0, features acting 4540138292840890367 upacting 4540138292840890367
2022-02-10T09:32:47.757+0000 7f6f86a3e700  1 osd.0 pg_epoch: 48 pg[3.2( empty local-lis/les=44/45 n=0 ec=16/16 lis/c=44/16 les/c/f=45/17/0 sis=48 pruub=10.036774570s) [0,2,1] r=0 lpr=48 pi=[16,48)/2 crt=0'0 mlcod 0'0 unknown pruub 50.826970224s@ mbc={}] state<Start>: transitioning to Primary
2022-02-10T09:32:47.757+0000 7f6f83a38700  1 osd.0 pg_epoch: 48 pg[4.10( empty local-lis/les=44/45 n=0 ec=20/20 lis/c=44/20 les/c/f=45/21/0 sis=48 pruub=10.035544403s) [0,2,1] r=0 lpr=48 pi=[20,48)/2 crt=0'0 mlcod 0'0 active pruub 50.826089142s@ mbc={}] start_peering_interval up [0,1] -> [0,2,1], acting [0,1] -> [0,2,1], acting_primary 0 -> 0, up_primary 0 -> 0, role 0 -> 0, features acting 4540138292840890367 upacting 4540138292840890367
2022-02-10T09:32:47.757+0000 7f6f83a38700  1 osd.0 pg_epoch: 48 pg[4.10( empty local-lis/les=44/45 n=0 ec=20/20 lis/c=44/20 les/c/f=45/21/0 sis=48 pruub=10.035544403s) [0,2,1] r=0 lpr=48 pi=[20,48)/2 crt=0'0 mlcod 0'0 unknown pruub 50.826089142s@ mbc={}] state<Start>: transitioning to Primary
2022-02-10T09:32:47.757+0000 7f6f83a38700  1 osd.0 pg_epoch: 48 pg[3.0( empty local-lis/les=44/45 n=0 ec=16/16 lis/c=44/16 les/c/f=45/17/0 sis=48 pruub=10.008561528s) [2,1,0] r=2 lpr=48 pi=[16,48)/2 crt=0'0 mlcod 0'0 active pruub 50.799327220s@ mbc={}] start_peering_interval up [1,0] -> [2,1,0], acting [1,0] -> [2,1,0], acting_primary 1 -> 2, up_primary 1 -> 2, role 1 -> 2, features acting 4540138292840890367 upacting 4540138292840890367
2022-02-10T09:32:47.757+0000 7f6f83a38700  1 osd.0 pg_epoch: 48 pg[3.0( empty local-lis/les=44/45 n=0 ec=16/16 lis/c=44/16 les/c/f=45/17/0 sis=48 pruub=10.008468095s) [2,1,0] r=2 lpr=48 pi=[16,48)/2 crt=0'0 mlcod 0'0 unknown NOTIFY pruub 50.799327220s@ mbc={}] state<Start>: transitioning to Stray
2022-02-10T09:32:47.757+0000 7f6f84a3a700  1 osd.0 pg_epoch: 48 pg[3.e( empty local-lis/les=44/45 n=0 ec=16/16 lis/c=44/16 les/c/f=45/17/0 sis=48 pruub=10.021890668s) [2,1,0] r=2 lpr=48 pi=[16,48)/2 crt=0'0 mlcod 0'0 active pruub 50.813427670s@ mbc={}] start_peering_interval up [1,0] -> [2,1,0], acting [1,0] -> [2,1,0], acting_primary 1 -> 2, up_primary 1 -> 2, role 1 -> 2, features acting 4540138292840890367 upacting 4540138292840890367
2022-02-10T09:32:47.757+0000 7f6f87a40700  1 osd.0 pg_epoch: 48 pg[4.0( empty local-lis/les=44/45 n=0 ec=20/20 lis/c=44/20 les/c/f=45/21/0 sis=48 pruub=10.034623242s) [0,1,2] r=0 lpr=48 pi=[20,48)/2 crt=0'0 mlcod 0'0 active pruub 50.826106151s@ mbc={}] start_peering_interval up [0,1] -> [0,1,2], acting [0,1] -> [0,1,2], acting_primary 0 -> 0, up_primary 0 -> 0, role 0 -> 0, features acting 4540138292840890367 upacting 4540138292840890367
2022-02-10T09:32:47.757+0000 7f6f87a40700  1 osd.0 pg_epoch: 48 pg[4.0( empty local-lis/les=44/45 n=0 ec=20/20 lis/c=44/20 les/c/f=45/21/0 sis=48 pruub=10.034623242s) [0,1,2] r=0 lpr=48 pi=[20,48)/2 crt=0'0 mlcod 0'0 unknown pruub 50.826106151s@ mbc={}] state<Start>: transitioning to Primary
2022-02-10T09:32:47.757+0000 7f6f87a40700  1 osd.0 pg_epoch: 48 pg[3.10( empty local-lis/les=44/45 n=0 ec=16/16 lis/c=44/16 les/c/f=45/17/0 sis=48 pruub=10.009700885s) [1,2,0] r=2 lpr=48 pi=[16,48)/2 crt=0'0 mlcod 0'0 active pruub 50.801575243s@ mbc={}] start_peering_interval up [1,0] -> [1,2,0], acting [1,0] -> [1,2,0], acting_primary 1 -> 1, up_primary 1 -> 1, role 1 -> 2, features acting 4540138292840890367 upacting 4540138292840890367
2022-02-10T09:32:47.757+0000 7f6f85a3c700  1 osd.0 pg_epoch: 48 pg[3.c( empty local-lis/les=44/45 n=0 ec=16/16 lis/c=44/16 les/c/f=45/17/0 sis=48 pruub=10.007368844s) [1,0,2] r=1 lpr=48 pi=[16,48)/2 crt=0'0 mlcod 0'0 active pruub 50.799279255s@ mbc={}] start_peering_interval up [1,0] -> [1,0,2], acting [1,0] -> [1,0,2], acting_primary 1 -> 1, up_primary 1 -> 1, role 1 -> 1, features acting 4540138292840890367 upacting 4540138292840890367
2022-02-10T09:32:47.761+0000 7f6f84a3a700  1 osd.0 pg_epoch: 48 pg[3.e( empty local-lis/les=44/45 n=0 ec=16/16 lis/c=44/16 les/c/f=45/17/0 sis=48 pruub=10.021837995s) [2,1,0] r=2 lpr=48 pi=[16,48)/2 crt=0'0 mlcod 0'0 unknown NOTIFY pruub 50.813427670s@ mbc={}] state<Start>: transitioning to Stray
2022-02-10T09:32:47.761+0000 7f6f82235700  1 osd.0 pg_epoch: 48 pg[3.b( empty local-lis/les=44/45 n=0 ec=16/16 lis/c=44/16 les/c/f=45/17/0 sis=48 pruub=10.039050745s) [0,1,2] r=0 lpr=48 pi=[16,48)/2 crt=0'0 mlcod 0'0 active pruub 50.831369939s@ mbc={}] start_peering_interval up [0,1] -> [0,1,2], acting [0,1] -> [0,1,2], acting_primary 0 -> 0, up_primary 0 -> 0, role 0 -> 0, features acting 4540138292840890367 upacting 4540138292840890367
2022-02-10T09:32:47.761+0000 7f6f82235700  1 osd.0 pg_epoch: 48 pg[3.b( empty local-lis/les=44/45 n=0 ec=16/16 lis/c=44/16 les/c/f=45/17/0 sis=48 pruub=10.039050745s) [0,1,2] r=0 lpr=48 pi=[16,48)/2 crt=0'0 mlcod 0'0 unknown pruub 50.831369939s@ mbc={}] state<Start>: transitioning to Primary
2022-02-10T09:32:47.761+0000 7f6f82235700  1 osd.0 pg_epoch: 48 pg[3.3( empty local-lis/les=44/45 n=0 ec=16/16 lis/c=44/16 les/c/f=45/17/0 sis=48 pruub=10.010470561s) [1,0,2] r=1 lpr=48 pi=[16,48)/2 crt=0'0 mlcod 0'0 active pruub 50.803008065s@ mbc={}] start_peering_interval up [1,0] -> [1,0,2], acting [1,0] -> [1,0,2], acting_primary 1 -> 1, up_primary 1 -> 1, role 1 -> 1, features acting 4540138292840890367 upacting 4540138292840890367
2022-02-10T09:32:47.761+0000 7f6f82235700  1 osd.0 pg_epoch: 48 pg[3.3( empty local-lis/les=44/45 n=0 ec=16/16 lis/c=44/16 les/c/f=45/17/0 sis=48 pruub=10.010456608s) [1,0,2] r=1 lpr=48 pi=[16,48)/2 crt=0'0 mlcod 0'0 unknown NOTIFY pruub 50.803008065s@ mbc={}] state<Start>: transitioning to Stray
2022-02-10T09:32:47.761+0000 7f6f83237700  1 osd.0 pg_epoch: 48 pg[2.1( empty local-lis/les=44/45 n=0 ec=12/12 lis/c=44/12 les/c/f=45/13/0 sis=48 pruub=10.034203645s) [0,2,1] r=0 lpr=48 pi=[12,48)/2 crt=0'0 mlcod 0'0 active pruub 50.826942198s@ mbc={}] start_peering_interval up [0,1] -> [0,2,1], acting [0,1] -> [0,2,1], acting_primary 0 -> 0, up_primary 0 -> 0, role 0 -> 0, features acting 4540138292840890367 upacting 4540138292840890367
2022-02-10T09:32:47.761+0000 7f6f81a34700  1 osd.0 pg_epoch: 48 pg[4.1c( empty local-lis/les=44/45 n=0 ec=20/20 lis/c=44/20 les/c/f=45/21/0 sis=48 pruub=10.042600713s) [2,0,1] r=1 lpr=48 pi=[20,48)/2 crt=0'0 mlcod 0'0 active pruub 50.835546569s@ mbc={}] start_peering_interval up [0,1] -> [2,0,1], acting [0,1] -> [2,0,1], acting_primary 0 -> 2, up_primary 0 -> 2, role 0 -> 1, features acting 4540138292840890367 upacting 4540138292840890367
2022-02-10T09:32:47.761+0000 7f6f81a34700  1 osd.0 pg_epoch: 48 pg[4.1c( empty local-lis/les=44/45 n=0 ec=20/20 lis/c=44/20 les/c/f=45/21/0 sis=48 pruub=10.042571204s) [2,0,1] r=1 lpr=48 pi=[20,48)/2 crt=0'0 mlcod 0'0 unknown NOTIFY pruub 50.835546569s@ mbc={}] state<Start>: transitioning to Stray
2022-02-10T09:32:47.761+0000 7f6f81a34700  1 osd.0 pg_epoch: 48 pg[3.1c( empty local-lis/les=44/45 n=0 ec=16/16 lis/c=44/16 les/c/f=45/17/0 sis=48 pruub=10.006097727s) [1,0,2] r=1 lpr=48 pi=[16,48)/2 crt=0'0 mlcod 0'0 active pruub 50.799232397s@ mbc={}] start_peering_interval up [1,0] -> [1,0,2], acting [1,0] -> [1,0,2], acting_primary 1 -> 1, up_primary 1 -> 1, role 1 -> 1, features acting 4540138292840890367 upacting 4540138292840890367
2022-02-10T09:32:47.761+0000 7f6f81a34700  1 osd.0 pg_epoch: 48 pg[3.1c( empty local-lis/les=44/45 n=0 ec=16/16 lis/c=44/16 les/c/f=45/17/0 sis=48 pruub=10.006078661s) [1,0,2] r=1 lpr=48 pi=[16,48)/2 crt=0'0 mlcod 0'0 unknown NOTIFY pruub 50.799232397s@ mbc={}] state<Start>: transitioning to Stray
2022-02-10T09:32:47.761+0000 7f6f8623d700  1 osd.0 pg_epoch: 48 pg[3.1b( empty local-lis/les=44/45 n=0 ec=16/16 lis/c=44/16 les/c/f=45/17/0 sis=48 pruub=10.009466812s) [2,1,0] r=2 lpr=48 pi=[16,48)/2 crt=0'0 mlcod 0'0 active pruub 50.803002519s@ mbc={}] start_peering_interval up [1,0] -> [2,1,0], acting [1,0] -> [2,1,0], acting_primary 1 -> 2, up_primary 1 -> 2, role 1 -> 2, features acting 4540138292840890367 upacting 4540138292840890367
2022-02-10T09:32:47.761+0000 7f6f8623d700  1 osd.0 pg_epoch: 48 pg[3.1b( empty local-lis/les=44/45 n=0 ec=16/16 lis/c=44/16 les/c/f=45/17/0 sis=48 pruub=10.009433770s) [2,1,0] r=2 lpr=48 pi=[16,48)/2 crt=0'0 mlcod 0'0 unknown NOTIFY pruub 50.803002519s@ mbc={}] state<Start>: transitioning to Stray
2022-02-10T09:32:47.761+0000 7f6f80a32700  1 osd.0 pg_epoch: 48 pg[4.6( empty local-lis/les=44/45 n=0 ec=20/20 lis/c=44/20 les/c/f=45/21/0 sis=48 pruub=10.041721310s) [2,0,1] r=1 lpr=48 pi=[20,48)/2 crt=0'0 mlcod 0'0 active pruub 50.835466894s@ mbc={}] start_peering_interval up [0,1] -> [2,0,1], acting [0,1] -> [2,0,1], acting_primary 0 -> 2, up_primary 0 -> 2, role 0 -> 1, features acting 4540138292840890367 upacting 4540138292840890367
2022-02-10T09:32:47.761+0000 7f6f80a32700  1 osd.0 pg_epoch: 48 pg[4.6( empty local-lis/les=44/45 n=0 ec=20/20 lis/c=44/20 les/c/f=45/21/0 sis=48 pruub=10.041695485s) [2,0,1] r=1 lpr=48 pi=[20,48)/2 crt=0'0 mlcod 0'0 unknown NOTIFY pruub 50.835466894s@ mbc={}] state<Start>: transitioning to Stray
2022-02-10T09:32:47.761+0000 7f6f80a32700  1 osd.0 pg_epoch: 48 pg[3.6( empty local-lis/les=44/45 n=0 ec=16/16 lis/c=44/16 les/c/f=45/17/0 sis=48 pruub=10.041611898s) [0,1,2] r=0 lpr=48 pi=[16,48)/2 crt=0'0 mlcod 0'0 active pruub 50.835487370s@ mbc={}] start_peering_interval up [0,1] -> [0,1,2], acting [0,1] -> [0,1,2], acting_primary 0 -> 0, up_primary 0 -> 0, role 0 -> 0, features acting 4540138292840890367 upacting 4540138292840890367
2022-02-10T09:32:47.761+0000 7f6f80a32700  1 osd.0 pg_epoch: 48 pg[3.6( empty local-lis/les=44/45 n=0 ec=16/16 lis/c=44/16 les/c/f=45/17/0 sis=48 pruub=10.041611898s) [0,1,2] r=0 lpr=48 pi=[16,48)/2 crt=0'0 mlcod 0'0 unknown pruub 50.835487370s@ mbc={}] state<Start>: transitioning to Primary
2022-02-10T09:32:47.761+0000 7f6f80a32700  1 osd.0 pg_epoch: 48 pg[3.1e( empty local-lis/les=44/45 n=0 ec=16/16 lis/c=44/16 les/c/f=45/17/0 sis=48 pruub=10.041519299s) [0,2,1] r=0 lpr=48 pi=[16,48)/2 crt=0'0 mlcod 0'0 active pruub 50.835491389s@ mbc={}] start_peering_interval up [0,1] -> [0,2,1], acting [0,1] -> [0,2,1], acting_primary 0 -> 0, up_primary 0 -> 0, role 0 -> 0, features acting 4540138292840890367 upacting 4540138292840890367
2022-02-10T09:32:47.761+0000 7f6f80a32700  1 osd.0 pg_epoch: 48 pg[3.1e( empty local-lis/les=44/45 n=0 ec=16/16 lis/c=44/16 les/c/f=45/17/0 sis=48 pruub=10.041519299s) [0,2,1] r=0 lpr=48 pi=[16,48)/2 crt=0'0 mlcod 0'0 unknown pruub 50.835491389s@ mbc={}] state<Start>: transitioning to Primary
2022-02-10T09:32:47.761+0000 7f6f82a36700  1 osd.0 pg_epoch: 48 pg[3.12( empty local-lis/les=44/45 n=0 ec=16/16 lis/c=44/16 les/c/f=45/17/0 sis=48 pruub=10.031671038s) [0,1,2] r=0 lpr=48 pi=[16,48)/2 crt=0'0 mlcod 0'0 active pruub 50.825736720s@ mbc={}] start_peering_interval up [0,1] -> [0,1,2], acting [0,1] -> [0,1,2], acting_primary 0 -> 0, up_primary 0 -> 0, role 0 -> 0, features acting 4540138292840890367 upacting 4540138292840890367
2022-02-10T09:32:47.761+0000 7f6f82a36700  1 osd.0 pg_epoch: 48 pg[3.12( empty local-lis/les=44/45 n=0 ec=16/16 lis/c=44/16 les/c/f=45/17/0 sis=48 pruub=10.031671038s) [0,1,2] r=0 lpr=48 pi=[16,48)/2 crt=0'0 mlcod 0'0 unknown pruub 50.825736720s@ mbc={}] state<Start>: transitioning to Primary
2022-02-10T09:32:47.761+0000 7f6f82a36700  1 osd.0 pg_epoch: 48 pg[4.a( empty local-lis/les=44/45 n=0 ec=20/20 lis/c=44/20 les/c/f=45/21/0 sis=48 pruub=10.019110162s) [1,0,2] r=1 lpr=48 pi=[20,48)/2 crt=0'0 mlcod 0'0 active pruub 50.813428911s@ mbc={}] start_peering_interval up [1,0] -> [1,0,2], acting [1,0] -> [1,0,2], acting_primary 1 -> 1, up_primary 1 -> 1, role 1 -> 1, features acting 4540138292840890367 upacting 4540138292840890367
2022-02-10T09:32:47.761+0000 7f6f8723f700  1 osd.0 pg_epoch: 48 pg[3.9( empty local-lis/les=44/45 n=0 ec=16/16 lis/c=44/16 les/c/f=45/17/0 sis=48 pruub=10.011239974s) [2,1,0] r=2 lpr=48 pi=[16,48)/2 crt=0'0 mlcod 0'0 active pruub 50.805732945s@ mbc={}] start_peering_interval up [1,0] -> [2,1,0], acting [1,0] -> [2,1,0], acting_primary 1 -> 2, up_primary 1 -> 2, role 1 -> 2, features acting 4540138292840890367 upacting 4540138292840890367
2022-02-10T09:32:47.761+0000 7f6f8723f700  1 osd.0 pg_epoch: 48 pg[3.9( empty local-lis/les=44/45 n=0 ec=16/16 lis/c=44/16 les/c/f=45/17/0 sis=48 pruub=10.011208019s) [2,1,0] r=2 lpr=48 pi=[16,48)/2 crt=0'0 mlcod 0'0 unknown NOTIFY pruub 50.805732945s@ mbc={}] state<Start>: transitioning to Stray
2022-02-10T09:32:47.761+0000 7f6f82a36700  1 osd.0 pg_epoch: 48 pg[4.a( empty local-lis/les=44/45 n=0 ec=20/20 lis/c=44/20 les/c/f=45/21/0 sis=48 pruub=10.019089886s) [1,0,2] r=1 lpr=48 pi=[20,48)/2 crt=0'0 mlcod 0'0 unknown NOTIFY pruub 50.813428911s@ mbc={}] state<Start>: transitioning to Stray
2022-02-10T09:32:47.761+0000 7f6f8723f700  1 osd.0 pg_epoch: 48 pg[3.1( empty local-lis/les=44/45 n=0 ec=16/16 lis/c=44/16 les/c/f=45/17/0 sis=48 pruub=10.032177898s) [0,1,2] r=0 lpr=48 pi=[16,48)/2 crt=0'0 mlcod 0'0 active pruub 50.827068444s@ mbc={}] start_peering_interval up [0,1] -> [0,1,2], acting [0,1] -> [0,1,2], acting_primary 0 -> 0, up_primary 0 -> 0, role 0 -> 0, features acting 4540138292840890367 upacting 4540138292840890367
2022-02-10T09:32:47.761+0000 7f6f8723f700  1 osd.0 pg_epoch: 48 pg[3.1( empty local-lis/les=44/45 n=0 ec=16/16 lis/c=44/16 les/c/f=45/17/0 sis=48 pruub=10.032177898s) [0,1,2] r=0 lpr=48 pi=[16,48)/2 crt=0'0 mlcod 0'0 unknown pruub 50.827068444s@ mbc={}] state<Start>: transitioning to Primary
2022-02-10T09:32:47.761+0000 7f6f8723f700  1 osd.0 pg_epoch: 48 pg[4.1( empty local-lis/les=44/45 n=0 ec=20/20 lis/c=44/20 les/c/f=45/21/0 sis=48 pruub=10.010629969s) [2,1,0] r=2 lpr=48 pi=[20,48)/2 crt=0'0 mlcod 0'0 active pruub 50.805724635s@ mbc={}] start_peering_interval up [1,0] -> [2,1,0], acting [1,0] -> [2,1,0], acting_primary 1 -> 2, up_primary 1 -> 2, role 1 -> 2, features acting 4540138292840890367 upacting 4540138292840890367
2022-02-10T09:32:47.761+0000 7f6f8723f700  1 osd.0 pg_epoch: 48 pg[4.1( empty local-lis/les=44/45 n=0 ec=20/20 lis/c=44/20 les/c/f=45/21/0 sis=48 pruub=10.010536272s) [2,1,0] r=2 lpr=48 pi=[20,48)/2 crt=0'0 mlcod 0'0 unknown NOTIFY pruub 50.805724635s@ mbc={}] state<Start>: transitioning to Stray
2022-02-10T09:32:47.761+0000 7f6f8723f700  1 osd.0 pg_epoch: 48 pg[3.11( empty local-lis/les=44/45 n=0 ec=16/16 lis/c=44/16 les/c/f=45/17/0 sis=48 pruub=10.018084351s) [2,1,0] r=2 lpr=48 pi=[16,48)/2 crt=0'0 mlcod 0'0 active pruub 50.813375429s@ mbc={}] start_peering_interval up [1,0] -> [2,1,0], acting [1,0] -> [2,1,0], acting_primary 1 -> 2, up_primary 1 -> 2, role 1 -> 2, features acting 4540138292840890367 upacting 4540138292840890367
2022-02-10T09:32:47.761+0000 7f6f8723f700  1 osd.0 pg_epoch: 48 pg[3.11( empty local-lis/les=44/45 n=0 ec=16/16 lis/c=44/16 les/c/f=45/17/0 sis=48 pruub=10.018072612s) [2,1,0] r=2 lpr=48 pi=[16,48)/2 crt=0'0 mlcod 0'0 unknown NOTIFY pruub 50.813375429s@ mbc={}] state<Start>: transitioning to Stray
2022-02-10T09:32:47.761+0000 7f6f8723f700  1 osd.0 pg_epoch: 48 pg[4.9( empty local-lis/les=44/45 n=0 ec=20/20 lis/c=44/20 les/c/f=45/21/0 sis=48 pruub=10.032374903s) [2,0,1] r=1 lpr=48 pi=[20,48)/2 crt=0'0 mlcod 0'0 active pruub 50.827739942s@ mbc={}] start_peering_interval up [0,1] -> [2,0,1], acting [0,1] -> [2,0,1], acting_primary 0 -> 2, up_primary 0 -> 2, role 0 -> 1, features acting 4540138292840890367 upacting 4540138292840890367
2022-02-10T09:32:47.761+0000 7f6f8723f700  1 osd.0 pg_epoch: 48 pg[4.9( empty local-lis/les=44/45 n=0 ec=20/20 lis/c=44/20 les/c/f=45/21/0 sis=48 pruub=10.032364157s) [2,0,1] r=1 lpr=48 pi=[20,48)/2 crt=0'0 mlcod 0'0 unknown NOTIFY pruub 50.827739942s@ mbc={}] state<Start>: transitioning to Stray
2022-02-10T09:32:47.761+0000 7f6f84a3a700  1 osd.0 pg_epoch: 48 pg[4.16( empty local-lis/les=44/45 n=0 ec=20/20 lis/c=44/20 les/c/f=45/21/0 sis=48 pruub=10.039799680s) [0,1,2] r=0 lpr=48 pi=[20,48)/2 crt=0'0 mlcod 0'0 active pruub 50.835479061s@ mbc={}] start_peering_interval up [0,1] -> [0,1,2], acting [0,1] -> [0,1,2], acting_primary 0 -> 0, up_primary 0 -> 0, role 0 -> 0, features acting 4540138292840890367 upacting 4540138292840890367
2022-02-10T09:32:47.761+0000 7f6f84a3a700  1 osd.0 pg_epoch: 48 pg[4.16( empty local-lis/les=44/45 n=0 ec=20/20 lis/c=44/20 les/c/f=45/21/0 sis=48 pruub=10.039799680s) [0,1,2] r=0 lpr=48 pi=[20,48)/2 crt=0'0 mlcod 0'0 unknown pruub 50.835479061s@ mbc={}] state<Start>: transitioning to Primary
2022-02-10T09:32:47.761+0000 7f6f8623d700  1 osd.0 pg_epoch: 48 pg[2.3( empty local-lis/les=44/45 n=0 ec=12/12 lis/c=44/12 les/c/f=45/13/0 sis=48 pruub=10.007174465s) [1,0,2] r=1 lpr=48 pi=[12,48)/2 crt=0'0 mlcod 0'0 active pruub 50.803012175s@ mbc={}] start_peering_interval up [1,0] -> [1,0,2], acting [1,0] -> [1,0,2], acting_primary 1 -> 1, up_primary 1 -> 1, role 1 -> 1, features acting 4540138292840890367 upacting 4540138292840890367
2022-02-10T09:32:47.761+0000 7f6f8623d700  1 osd.0 pg_epoch: 48 pg[2.3( empty local-lis/les=44/45 n=0 ec=12/12 lis/c=44/12 les/c/f=45/13/0 sis=48 pruub=10.007161148s) [1,0,2] r=1 lpr=48 pi=[12,48)/2 crt=0'0 mlcod 0'0 unknown NOTIFY pruub 50.803012175s@ mbc={}] state<Start>: transitioning to Stray
2022-02-10T09:32:47.761+0000 7f6f8623d700  1 osd.0 pg_epoch: 48 pg[4.b( empty local-lis/les=44/45 n=0 ec=20/20 lis/c=44/20 les/c/f=45/21/0 sis=48 pruub=10.035462066s) [0,1,2] r=0 lpr=48 pi=[20,48)/2 crt=0'0 mlcod 0'0 active pruub 50.831390041s@ mbc={}] start_peering_interval up [0,1] -> [0,1,2], acting [0,1] -> [0,1,2], acting_primary 0 -> 0, up_primary 0 -> 0, role 0 -> 0, features acting 4540138292840890367 upacting 4540138292840890367
2022-02-10T09:32:47.765+0000 7f6f8623d700  1 osd.0 pg_epoch: 48 pg[4.b( empty local-lis/les=44/45 n=0 ec=20/20 lis/c=44/20 les/c/f=45/21/0 sis=48 pruub=10.035462066s) [0,1,2] r=0 lpr=48 pi=[20,48)/2 crt=0'0 mlcod 0'0 unknown pruub 50.831390041s@ mbc={}] state<Start>: transitioning to Primary
2022-02-10T09:32:47.765+0000 7f6f85a3c700  1 osd.0 pg_epoch: 48 pg[3.c( empty local-lis/les=44/45 n=0 ec=16/16 lis/c=44/16 les/c/f=45/17/0 sis=48 pruub=10.007345707s) [1,0,2] r=1 lpr=48 pi=[16,48)/2 crt=0'0 mlcod 0'0 unknown NOTIFY pruub 50.799279255s@ mbc={}] state<Start>: transitioning to Stray
2022-02-10T09:32:47.761+0000 7f6f83237700  1 osd.0 pg_epoch: 48 pg[2.1( empty local-lis/les=44/45 n=0 ec=12/12 lis/c=44/12 les/c/f=45/13/0 sis=48 pruub=10.034203645s) [0,2,1] r=0 lpr=48 pi=[12,48)/2 crt=0'0 mlcod 0'0 unknown pruub 50.826942198s@ mbc={}] state<Start>: transitioning to Primary
2022-02-10T09:32:47.765+0000 7f6f87a40700  1 osd.0 pg_epoch: 48 pg[3.10( empty local-lis/les=44/45 n=0 ec=16/16 lis/c=44/16 les/c/f=45/17/0 sis=48 pruub=10.005171689s) [1,2,0] r=2 lpr=48 pi=[16,48)/2 crt=0'0 mlcod 0'0 unknown NOTIFY pruub 50.801575243s@ mbc={}] state<Start>: transitioning to Stray
2022-02-10T09:32:47.765+0000 7f6f85a3c700  1 osd.0 pg_epoch: 48 pg[3.14( empty local-lis/les=44/45 n=0 ec=16/16 lis/c=44/16 les/c/f=45/17/0 sis=48 pruub=10.002619169s) [1,2,0] r=2 lpr=48 pi=[16,48)/2 crt=0'0 mlcod 0'0 active pruub 50.799282011s@ mbc={}] start_peering_interval up [1,0] -> [1,2,0], acting [1,0] -> [1,2,0], acting_primary 1 -> 1, up_primary 1 -> 1, role 1 -> 2, features acting 4540138292840890367 upacting 4540138292840890367
2022-02-10T09:32:47.765+0000 7f6f85a3c700  1 osd.0 pg_epoch: 48 pg[3.14( empty local-lis/les=44/45 n=0 ec=16/16 lis/c=44/16 les/c/f=45/17/0 sis=48 pruub=10.002603112s) [1,2,0] r=2 lpr=48 pi=[16,48)/2 crt=0'0 mlcod 0'0 unknown NOTIFY pruub 50.799282011s@ mbc={}] state<Start>: transitioning to Stray
2022-02-10T09:32:47.765+0000 7f6f81a34700  1 osd.0 pg_epoch: 48 pg[4.c( empty local-lis/les=44/45 n=0 ec=20/20 lis/c=44/20 les/c/f=45/21/0 sis=48 pruub=10.002346377s) [1,0,2] r=1 lpr=48 pi=[20,48)/2 crt=0'0 mlcod 0'0 active pruub 50.799238236s@ mbc={}] start_peering_interval up [1,0] -> [1,0,2], acting [1,0] -> [1,0,2], acting_primary 1 -> 1, up_primary 1 -> 1, role 1 -> 1, features acting 4540138292840890367 upacting 4540138292840890367
2022-02-10T09:32:47.765+0000 7f6f81a34700  1 osd.0 pg_epoch: 48 pg[4.c( empty local-lis/les=44/45 n=0 ec=20/20 lis/c=44/20 les/c/f=45/21/0 sis=48 pruub=10.002329448s) [1,0,2] r=1 lpr=48 pi=[20,48)/2 crt=0'0 mlcod 0'0 unknown NOTIFY pruub 50.799238236s@ mbc={}] state<Start>: transitioning to Stray
2022-02-10T09:32:47.765+0000 7f6f84a3a700  1 osd.0 pg_epoch: 48 pg[4.e( empty local-lis/les=44/45 n=0 ec=20/20 lis/c=44/20 les/c/f=45/21/0 sis=48 pruub=10.016403992s) [1,2,0] r=2 lpr=48 pi=[20,48)/2 crt=0'0 mlcod 0'0 active pruub 50.813434227s@ mbc={}] start_peering_interval up [1,0] -> [1,2,0], acting [1,0] -> [1,2,0], acting_primary 1 -> 1, up_primary 1 -> 1, role 1 -> 2, features acting 4540138292840890367 upacting 4540138292840890367
2022-02-10T09:32:47.765+0000 7f6f84a3a700  1 osd.0 pg_epoch: 48 pg[4.e( empty local-lis/les=44/45 n=0 ec=20/20 lis/c=44/20 les/c/f=45/21/0 sis=48 pruub=10.016365356s) [1,2,0] r=2 lpr=48 pi=[20,48)/2 crt=0'0 mlcod 0'0 unknown NOTIFY pruub 50.813434227s@ mbc={}] state<Start>: transitioning to Stray
2022-02-10T09:32:47.765+0000 7f6f83237700  1 osd.0 pg_epoch: 48 pg[3.19( empty local-lis/les=44/45 n=0 ec=16/16 lis/c=44/16 les/c/f=45/17/0 sis=48 pruub=10.030236971s) [0,1,2] r=0 lpr=48 pi=[16,48)/2 crt=0'0 mlcod 0'0 active pruub 50.827773275s@ mbc={}] start_peering_interval up [0,1] -> [0,1,2], acting [0,1] -> [0,1,2], acting_primary 0 -> 0, up_primary 0 -> 0, role 0 -> 0, features acting 4540138292840890367 upacting 4540138292840890367
2022-02-10T09:32:47.765+0000 7f6f83237700  1 osd.0 pg_epoch: 48 pg[3.19( empty local-lis/les=44/45 n=0 ec=16/16 lis/c=44/16 les/c/f=45/17/0 sis=48 pruub=10.030236971s) [0,1,2] r=0 lpr=48 pi=[16,48)/2 crt=0'0 mlcod 0'0 unknown pruub 50.827773275s@ mbc={}] state<Start>: transitioning to Primary
2022-02-10T09:32:47.765+0000 7f6f87a40700  1 osd.0 pg_epoch: 48 pg[4.18( empty local-lis/les=44/45 n=0 ec=20/20 lis/c=44/20 les/c/f=45/21/0 sis=48 pruub=10.003574798s) [1,0,2] r=1 lpr=48 pi=[20,48)/2 crt=0'0 mlcod 0'0 active pruub 50.801633856s@ mbc={}] start_peering_interval up [1,0] -> [1,0,2], acting [1,0] -> [1,0,2], acting_primary 1 -> 1, up_primary 1 -> 1, role 1 -> 1, features acting 4540138292840890367 upacting 4540138292840890367
2022-02-10T09:32:47.765+0000 7f6f87a40700  1 osd.0 pg_epoch: 48 pg[4.18( empty local-lis/les=44/45 n=0 ec=20/20 lis/c=44/20 les/c/f=45/21/0 sis=48 pruub=10.003550187s) [1,0,2] r=1 lpr=48 pi=[20,48)/2 crt=0'0 mlcod 0'0 unknown NOTIFY pruub 50.801633856s@ mbc={}] state<Start>: transitioning to Stray
2022-02-10T09:32:47.765+0000 7f6f87a40700  1 osd.0 pg_epoch: 48 pg[2.0( empty local-lis/les=44/45 n=0 ec=12/12 lis/c=44/12 les/c/f=45/13/0 sis=48 pruub=10.004663326s) [1,2,0] r=2 lpr=48 pi=[12,48)/2 crt=0'0 mlcod 0'0 active pruub 50.802874942s@ mbc={}] start_peering_interval up [1,0] -> [1,2,0], acting [1,0] -> [1,2,0], acting_primary 1 -> 1, up_primary 1 -> 1, role 1 -> 2, features acting 4540138292840890367 upacting 4540138292840890367
2022-02-10T09:32:47.765+0000 7f6f87a40700  1 osd.0 pg_epoch: 48 pg[2.0( empty local-lis/les=44/45 n=0 ec=12/12 lis/c=44/12 les/c/f=45/13/0 sis=48 pruub=10.004645191s) [1,2,0] r=2 lpr=48 pi=[12,48)/2 crt=0'0 mlcod 0'0 unknown NOTIFY pruub 50.802874942s@ mbc={}] state<Start>: transitioning to Stray
2022-02-10T09:32:47.765+0000 7f6f85a3c700  1 osd.0 pg_epoch: 48 pg[3.4( empty local-lis/les=44/45 n=0 ec=16/16 lis/c=44/16 les/c/f=45/17/0 sis=48 pruub=10.036966074s) [0,2,1] r=0 lpr=48 pi=[16,48)/2 crt=0'0 mlcod 0'0 active pruub 50.835524891s@ mbc={}] start_peering_interval up [0,1] -> [0,2,1], acting [0,1] -> [0,2,1], acting_primary 0 -> 0, up_primary 0 -> 0, role 0 -> 0, features acting 4540138292840890367 upacting 4540138292840890367
2022-02-10T09:32:47.765+0000 7f6f85a3c700  1 osd.0 pg_epoch: 48 pg[3.4( empty local-lis/les=44/45 n=0 ec=16/16 lis/c=44/16 les/c/f=45/17/0 sis=48 pruub=10.036966074s) [0,2,1] r=0 lpr=48 pi=[16,48)/2 crt=0'0 mlcod 0'0 unknown pruub 50.835524891s@ mbc={}] state<Start>: transitioning to Primary
2022-02-10T09:32:47.757+0000 7f6f83a38700  1 osd.0 pg_epoch: 48 pg[3.8( empty local-lis/les=44/45 n=0 ec=16/16 lis/c=44/16 les/c/f=45/17/0 sis=48 pruub=10.034990436s) [2,0,1] r=1 lpr=48 pi=[16,48)/2 crt=0'0 mlcod 0'0 active pruub 50.826112494s@ mbc={}] start_peering_interval up [0,1] -> [2,0,1], acting [0,1] -> [2,0,1], acting_primary 0 -> 2, up_primary 0 -> 2, role 0 -> 1, features acting 4540138292840890367 upacting 4540138292840890367
2022-02-10T09:32:47.765+0000 7f6f83a38700  1 osd.0 pg_epoch: 48 pg[3.8( empty local-lis/les=44/45 n=0 ec=16/16 lis/c=44/16 les/c/f=45/17/0 sis=48 pruub=10.026819772s) [2,0,1] r=1 lpr=48 pi=[16,48)/2 crt=0'0 mlcod 0'0 unknown NOTIFY pruub 50.826112494s@ mbc={}] state<Start>: transitioning to Stray
2022-02-10T09:32:47.765+0000 7f6f83a38700  1 osd.0 pg_epoch: 48 pg[1.0( empty local-lis/les=44/45 n=0 ec=3/3 lis/c=44/10 les/c/f=45/11/0 sis=48 pruub=10.005395290s) [1,2,0] r=2 lpr=48 pi=[10,48)/2 crt=0'0 mlcod 0'0 active pruub 50.804790855s@ mbc={}] start_peering_interval up [1,0] -> [1,2,0], acting [1,0] -> [1,2,0], acting_primary 1 -> 1, up_primary 1 -> 1, role 1 -> 2, features acting 4540138292840890367 upacting 4540138292840890367
2022-02-10T09:32:47.765+0000 7f6f83a38700  1 osd.0 pg_epoch: 48 pg[1.0( empty local-lis/les=44/45 n=0 ec=3/3 lis/c=44/10 les/c/f=45/11/0 sis=48 pruub=10.005384260s) [1,2,0] r=2 lpr=48 pi=[10,48)/2 crt=0'0 mlcod 0'0 unknown NOTIFY pruub 50.804790855s@ mbc={}] state<Start>: transitioning to Stray
2022-02-10T09:32:47.765+0000 7f6f83a38700  1 osd.0 pg_epoch: 48 pg[4.8( empty local-lis/les=44/45 n=0 ec=20/20 lis/c=44/20 les/c/f=45/21/0 sis=48 pruub=10.006211359s) [2,1,0] r=2 lpr=48 pi=[20,48)/2 crt=0'0 mlcod 0'0 active pruub 50.805677274s@ mbc={}] start_peering_interval up [1,0] -> [2,1,0], acting [1,0] -> [2,1,0], acting_primary 1 -> 2, up_primary 1 -> 2, role 1 -> 2, features acting 4540138292840890367 upacting 4540138292840890367
2022-02-10T09:32:47.765+0000 7f6f83a38700  1 osd.0 pg_epoch: 48 pg[4.8( empty local-lis/les=44/45 n=0 ec=20/20 lis/c=44/20 les/c/f=45/21/0 sis=48 pruub=10.006201320s) [2,1,0] r=2 lpr=48 pi=[20,48)/2 crt=0'0 mlcod 0'0 unknown NOTIFY pruub 50.805677274s@ mbc={}] state<Start>: transitioning to Stray
2022-02-10T09:32:47.765+0000 7f6f87a40700  1 osd.0 pg_epoch: 48 pg[3.18( empty local-lis/les=44/45 n=0 ec=16/16 lis/c=44/16 les/c/f=45/17/0 sis=48 pruub=10.026478631s) [0,2,1] r=0 lpr=48 pi=[16,48)/2 crt=0'0 mlcod 0'0 active pruub 50.826138669s@ mbc={}] start_peering_interval up [0,1] -> [0,2,1], acting [0,1] -> [0,2,1], acting_primary 0 -> 0, up_primary 0 -> 0, role 0 -> 0, features acting 4540138292840890367 upacting 4540138292840890367
2022-02-10T09:32:47.765+0000 7f6f87a40700  1 osd.0 pg_epoch: 48 pg[3.18( empty local-lis/les=44/45 n=0 ec=16/16 lis/c=44/16 les/c/f=45/17/0 sis=48 pruub=10.026478631s) [0,2,1] r=0 lpr=48 pi=[16,48)/2 crt=0'0 mlcod 0'0 unknown pruub 50.826138669s@ mbc={}] state<Start>: transitioning to Primary
2022-02-10T09:34:29.304+0000 7f6f84a3a700  0 log_channel(cluster) log [DBG] : 3.6 scrub starts
2022-02-10T09:34:29.304+0000 7f6f80a32700  0 log_channel(cluster) log [DBG] : 3.6 scrub ok
2022-02-10T09:34:31.316+0000 7f6f87a40700  0 log_channel(cluster) log [DBG] : 4.10 scrub starts
2022-02-10T09:34:31.320+0000 7f6f83a38700  0 log_channel(cluster) log [DBG] : 4.10 scrub ok
2022-02-10T09:34:32.300+0000 7f6f80231700  0 log_channel(cluster) log [DBG] : 3.7 scrub starts
2022-02-10T09:34:32.300+0000 7f6f80231700  0 log_channel(cluster) log [DBG] : 3.7 scrub ok
2022-02-10T09:34:33.280+0000 7f6f81a34700  0 log_channel(cluster) log [DBG] : 4.4 scrub starts
2022-02-10T09:34:33.280+0000 7f6f85a3c700  0 log_channel(cluster) log [DBG] : 4.4 scrub ok
2022-02-10T09:34:47.352+0000 7f6f87a40700  0 log_channel(cluster) log [DBG] : 4.0 deep-scrub starts
2022-02-10T09:34:47.352+0000 7f6f83a38700  0 log_channel(cluster) log [DBG] : 4.0 deep-scrub ok
2022-02-10T09:34:49.312+0000 7f6f86a3e700  0 log_channel(cluster) log [DBG] : 4.12 deep-scrub starts
2022-02-10T09:34:49.312+0000 7f6f82a36700  0 log_channel(cluster) log [DBG] : 4.12 deep-scrub ok
2022-02-10T09:34:50.284+0000 7f6f8623d700  0 log_channel(cluster) log [DBG] : 3.b scrub starts
2022-02-10T09:34:50.288+0000 7f6f82235700  0 log_channel(cluster) log [DBG] : 3.b scrub ok
2022-02-10T09:34:54.292+0000 7f6f84239700  0 log_channel(cluster) log [DBG] : 4.17 scrub starts
2022-02-10T09:34:54.292+0000 7f6f80231700  0 log_channel(cluster) log [DBG] : 4.17 scrub ok
2022-02-10T09:34:56.280+0000 7f6f83a38700  0 log_channel(cluster) log [DBG] : 3.18 scrub starts
2022-02-10T09:34:56.280+0000 7f6f87a40700  0 log_channel(cluster) log [DBG] : 3.18 scrub ok
2022-02-10T09:35:01.244+0000 7f6f83237700  0 log_channel(cluster) log [DBG] : 3.19 scrub starts
2022-02-10T09:35:01.244+0000 7f6f8723f700  0 log_channel(cluster) log [DBG] : 3.19 scrub ok
2022-02-10T09:35:04.223+0000 7f6f86a3e700  0 log_channel(cluster) log [DBG] : 3.12 scrub starts
2022-02-10T09:35:04.223+0000 7f6f82a36700  0 log_channel(cluster) log [DBG] : 3.12 scrub ok
2022-02-10T09:35:07.139+0000 7f6f85a3c700  0 log_channel(cluster) log [DBG] : 3.4 scrub starts
2022-02-10T09:35:07.139+0000 7f6f81a34700  0 log_channel(cluster) log [DBG] : 3.4 scrub ok
2022-02-10T09:35:15.251+0000 7f6f80a32700  0 log_channel(cluster) log [DBG] : 3.1e scrub starts
2022-02-10T09:35:15.251+0000 7f6f84a3a700  0 log_channel(cluster) log [DBG] : 3.1e scrub ok
2022-02-10T09:35:16.299+0000 7f6f82235700  0 log_channel(cluster) log [DBG] : 4.b deep-scrub starts
2022-02-10T09:35:16.299+0000 7f6f8623d700  0 log_channel(cluster) log [DBG] : 4.b deep-scrub ok
2022-02-10T09:35:17.319+0000 7f6f83237700  0 log_channel(cluster) log [DBG] : 3.1 scrub starts
2022-02-10T09:35:17.319+0000 7f6f8723f700  0 log_channel(cluster) log [DBG] : 3.1 scrub ok
2022-02-10T09:35:18.323+0000 7f6f83237700  0 log_channel(cluster) log [DBG] : 2.1 scrub starts
2022-02-10T09:35:18.323+0000 7f6f8723f700  0 log_channel(cluster) log [DBG] : 2.1 scrub ok
2022-02-10T09:35:19.327+0000 7f6f83237700  0 log_channel(cluster) log [DBG] : 4.11 scrub starts
2022-02-10T09:35:19.327+0000 7f6f8723f700  0 log_channel(cluster) log [DBG] : 4.11 scrub ok
2022-02-10T09:35:20.299+0000 7f6f84239700  0 log_channel(cluster) log [DBG] : 3.17 scrub starts
2022-02-10T09:35:20.299+0000 7f6f84239700  0 log_channel(cluster) log [DBG] : 3.17 scrub ok
2022-02-10T09:35:21.331+0000 7f6f86a3e700  0 log_channel(cluster) log [DBG] : 3.2 scrub starts
2022-02-10T09:35:21.335+0000 7f6f82a36700  0 log_channel(cluster) log [DBG] : 3.2 scrub ok
2022-02-10T09:35:25.331+0000 7f6f84a3a700  0 log_channel(cluster) log [DBG] : 4.1e scrub starts
2022-02-10T09:35:25.331+0000 7f6f80a32700  0 log_channel(cluster) log [DBG] : 4.1e scrub ok
2022-02-10T09:35:27.315+0000 7f6f84239700  0 log_channel(cluster) log [DBG] : 4.f scrub starts
2022-02-10T09:35:27.315+0000 7f6f80231700  0 log_channel(cluster) log [DBG] : 4.f scrub ok
2022-02-10T09:35:29.303+0000 7f6f84239700  0 log_channel(cluster) log [DBG] : 3.1f scrub starts
2022-02-10T09:35:29.303+0000 7f6f80231700  0 log_channel(cluster) log [DBG] : 3.1f scrub ok
2022-02-10T09:35:31.315+0000 7f6f84239700  0 log_channel(cluster) log [DBG] : 4.7 scrub starts
2022-02-10T09:35:31.319+0000 7f6f80231700  0 log_channel(cluster) log [DBG] : 4.7 scrub ok
2022-02-10T09:35:36.319+0000 7f6f80a32700  0 log_channel(cluster) log [DBG] : 4.16 scrub starts
2022-02-10T09:35:36.323+0000 7f6f84a3a700  0 log_channel(cluster) log [DBG] : 4.16 scrub ok
2022-02-10T09:42:06.958+0000 7f6f90251700  4 rocksdb: [db/db_impl.cc:776] ------- DUMPING STATS -------
2022-02-10T09:42:06.958+0000 7f6f90251700  4 rocksdb: [db/db_impl.cc:778] 
** DB Stats **
Uptime(secs): 600.0 total, 600.0 interval
Cumulative writes: 970 writes, 2236 keys, 970 commit groups, 1.0 writes per commit group, ingest: 0.00 GB, 0.00 MB/s
Cumulative WAL: 970 writes, 160 syncs, 6.02 writes per sync, written: 0.00 GB, 0.00 MB/s
Cumulative stall: 00:00:0.000 H:M:S, 0.0 percent
Interval writes: 970 writes, 2236 keys, 970 commit groups, 1.0 writes per commit group, ingest: 0.74 MB, 0.00 MB/s
Interval WAL: 970 writes, 160 syncs, 6.02 writes per sync, written: 0.00 MB, 0.00 MB/s
Interval stall: 00:00:0.000 H:M:S, 0.0 percent

** Compaction Stats [default] **
Level    Files   Size     Score Read(GB)  Rn(GB) Rnp1(GB) Write(GB) Wnew(GB) Moved(GB) W-Amp Rd(MB/s) Wr(MB/s) Comp(sec) CompMergeCPU(sec) Comp(cnt) Avg(sec) KeyIn KeyDrop
----------------------------------------------------------------------------------------------------------------------------------------------------------------------------
  L0      3/0   116.61 KB   0.8      0.0     0.0      0.0       0.0      0.0       0.0   1.0      0.0     12.1      0.01              0.00         1    0.009       0      0
 Sum      3/0   116.61 KB   0.0      0.0     0.0      0.0       0.0      0.0       0.0   1.0      0.0     12.1      0.01              0.00         1    0.009       0      0
 Int      0/0    0.00 KB   0.0      0.0     0.0      0.0       0.0      0.0       0.0   0.0      0.0      0.0      0.00              0.00         0    0.000       0      0

** Compaction Stats [default] **
Priority    Files   Size     Score Read(GB)  Rn(GB) Rnp1(GB) Write(GB) Wnew(GB) Moved(GB) W-Amp Rd(MB/s) Wr(MB/s) Comp(sec) CompMergeCPU(sec) Comp(cnt) Avg(sec) KeyIn KeyDrop
-------------------------------------------------------------------------------------------------------------------------------------------------------------------------------
User      0/0    0.00 KB   0.0      0.0     0.0      0.0       0.0      0.0       0.0   0.0      0.0     12.1      0.01              0.00         1    0.009       0      0
Uptime(secs): 600.0 total, 600.0 interval
Flush(GB): cumulative 0.000, interval 0.000
AddFile(GB): cumulative 0.000, interval 0.000
AddFile(Total Files): cumulative 0, interval 0
AddFile(L0 Files): cumulative 0, interval 0
AddFile(Keys): cumulative 0, interval 0
Cumulative compaction: 0.00 GB write, 0.00 MB/s write, 0.00 GB read, 0.00 MB/s read, 0.0 seconds
Interval compaction: 0.00 GB write, 0.00 MB/s write, 0.00 GB read, 0.00 MB/s read, 0.0 seconds
Stalls(count): 0 level0_slowdown, 0 level0_slowdown_with_compaction, 0 level0_numfiles, 0 level0_numfiles_with_compaction, 0 stop for pending_compaction_bytes, 0 slowdown for pending_compaction_bytes, 0 memtable_compaction, 0 memtable_slowdown, interval 0 total count

** File Read Latency Histogram By Level [default] **

** Compaction Stats [default] **
Level    Files   Size     Score Read(GB)  Rn(GB) Rnp1(GB) Write(GB) Wnew(GB) Moved(GB) W-Amp Rd(MB/s) Wr(MB/s) Comp(sec) CompMergeCPU(sec) Comp(cnt) Avg(sec) KeyIn KeyDrop
----------------------------------------------------------------------------------------------------------------------------------------------------------------------------
  L0      3/0   116.61 KB   0.8      0.0     0.0      0.0       0.0      0.0       0.0   1.0      0.0     12.1      0.01              0.00         1    0.009       0      0
 Sum      3/0   116.61 KB   0.0      0.0     0.0      0.0       0.0      0.0       0.0   1.0      0.0     12.1      0.01              0.00         1    0.009       0      0
 Int      0/0    0.00 KB   0.0      0.0     0.0      0.0       0.0      0.0       0.0   0.0      0.0      0.0      0.00              0.00         0    0.000       0      0

** Compaction Stats [default] **
Priority    Files   Size     Score Read(GB)  Rn(GB) Rnp1(GB) Write(GB) Wnew(GB) Moved(GB) W-Amp Rd(MB/s) Wr(MB/s) Comp(sec) CompMergeCPU(sec) Comp(cnt) Avg(sec) KeyIn KeyDrop
-------------------------------------------------------------------------------------------------------------------------------------------------------------------------------
User      0/0    0.00 KB   0.0      0.0     0.0      0.0       0.0      0.0       0.0   0.0      0.0     12.1      0.01              0.00         1    0.009       0      0
Uptime(secs): 600.0 total, 0.0 interval
Flush(GB): cumulative 0.000, interval 0.000
AddFile(GB): cumulative 0.000, interval 0.000
AddFile(Total Files): cumulative 0, interval 0
AddFile(L0 Files): cumulative 0, interval 0
AddFile(Keys): cumulative 0, interval 0
Cumulative compaction: 0.00 GB write, 0.00 MB/s write, 0.00 GB read, 0.00 MB/s read, 0.0 seconds
Interval compaction: 0.00 GB write, 0.00 MB/s write, 0.00 GB read, 0.00 MB/s read, 0.0 seconds
Stalls(count): 0 level0_slowdown, 0 level0_slowdown_with_compaction, 0 level0_numfiles, 0 level0_numfiles_with_compaction, 0 stop for pending_compaction_bytes, 0 slowdown for pending_compaction_bytes, 0 memtable_compaction, 0 memtable_slowdown, interval 0 total count

** File Read Latency Histogram By Level [default] **

2022-02-10T09:52:06.961+0000 7f6f90251700  4 rocksdb: [db/db_impl.cc:776] ------- DUMPING STATS -------
2022-02-10T09:52:06.961+0000 7f6f90251700  4 rocksdb: [db/db_impl.cc:778] 
** DB Stats **
Uptime(secs): 1200.0 total, 600.0 interval
Cumulative writes: 970 writes, 2236 keys, 970 commit groups, 1.0 writes per commit group, ingest: 0.00 GB, 0.00 MB/s
Cumulative WAL: 970 writes, 160 syncs, 6.02 writes per sync, written: 0.00 GB, 0.00 MB/s
Cumulative stall: 00:00:0.000 H:M:S, 0.0 percent
Interval writes: 0 writes, 0 keys, 0 commit groups, 0.0 writes per commit group, ingest: 0.00 MB, 0.00 MB/s
Interval WAL: 0 writes, 0 syncs, 0.00 writes per sync, written: 0.00 MB, 0.00 MB/s
Interval stall: 00:00:0.000 H:M:S, 0.0 percent

** Compaction Stats [default] **
Level    Files   Size     Score Read(GB)  Rn(GB) Rnp1(GB) Write(GB) Wnew(GB) Moved(GB) W-Amp Rd(MB/s) Wr(MB/s) Comp(sec) CompMergeCPU(sec) Comp(cnt) Avg(sec) KeyIn KeyDrop
----------------------------------------------------------------------------------------------------------------------------------------------------------------------------
  L0      3/0   116.61 KB   0.8      0.0     0.0      0.0       0.0      0.0       0.0   1.0      0.0     12.1      0.01              0.00         1    0.009       0      0
 Sum      3/0   116.61 KB   0.0      0.0     0.0      0.0       0.0      0.0       0.0   1.0      0.0     12.1      0.01              0.00         1    0.009       0      0
 Int      0/0    0.00 KB   0.0      0.0     0.0      0.0       0.0      0.0       0.0   0.0      0.0      0.0      0.00              0.00         0    0.000       0      0

** Compaction Stats [default] **
Priority    Files   Size     Score Read(GB)  Rn(GB) Rnp1(GB) Write(GB) Wnew(GB) Moved(GB) W-Amp Rd(MB/s) Wr(MB/s) Comp(sec) CompMergeCPU(sec) Comp(cnt) Avg(sec) KeyIn KeyDrop
-------------------------------------------------------------------------------------------------------------------------------------------------------------------------------
User      0/0    0.00 KB   0.0      0.0     0.0      0.0       0.0      0.0       0.0   0.0      0.0     12.1      0.01              0.00         1    0.009       0      0
Uptime(secs): 1200.0 total, 600.0 interval
Flush(GB): cumulative 0.000, interval 0.000
AddFile(GB): cumulative 0.000, interval 0.000
AddFile(Total Files): cumulative 0, interval 0
AddFile(L0 Files): cumulative 0, interval 0
AddFile(Keys): cumulative 0, interval 0
Cumulative compaction: 0.00 GB write, 0.00 MB/s write, 0.00 GB read, 0.00 MB/s read, 0.0 seconds
Interval compaction: 0.00 GB write, 0.00 MB/s write, 0.00 GB read, 0.00 MB/s read, 0.0 seconds
Stalls(count): 0 level0_slowdown, 0 level0_slowdown_with_compaction, 0 level0_numfiles, 0 level0_numfiles_with_compaction, 0 stop for pending_compaction_bytes, 0 slowdown for pending_compaction_bytes, 0 memtable_compaction, 0 memtable_slowdown, interval 0 total count

** File Read Latency Histogram By Level [default] **

** Compaction Stats [default] **
Level    Files   Size     Score Read(GB)  Rn(GB) Rnp1(GB) Write(GB) Wnew(GB) Moved(GB) W-Amp Rd(MB/s) Wr(MB/s) Comp(sec) CompMergeCPU(sec) Comp(cnt) Avg(sec) KeyIn KeyDrop
