Mar 18 20:43:08 juju-3f8d6e-o7ktest-21 placement-api[45233]: 2022-03-18 20:43:08.959 45233 DEBUG placement.objects.resource_class [-] Synced resource_classes from os_resource_classes: [{'name': 'VCPU', 'id': 0}, {'name': 'MEMORY_MB', 'id': 1}, {'name': 'DISK_GB', 'id': 2}, {'name': 'PCI_DEVICE', 'id': 3}, {'name': 'SRIOV_NET_VF', 'id': 4}, {'name': 'NUMA_SOCKET', 'id': 5}, {'name': 'NUMA_CORE', 'id': 6}, {'name': 'NUMA_THREAD', 'id': 7}, {'name': 'NUMA_MEMORY_MB', 'id': 8}, {'name': 'IPV4_ADDRESS', 'id': 9}, {'name': 'VGPU', 'id': 10}, {'name': 'VGPU_DISPLAY_HEAD', 'id': 11}, {'name': 'NET_BW_EGR_KILOBIT_PER_SEC', 'id': 12}, {'name': 'NET_BW_IGR_KILOBIT_PER_SEC', 'id': 13}, {'name': 'PCPU', 'id': 14}, {'name': 'MEM_ENCRYPTION_CONTEXT', 'id': 15}, {'name': 'FPGA', 'id': 16}, {'name': 'PGPU', 'id': 17}] _resource_classes_sync /usr/lib/python3/dist-packages/placement/objects/resource_class.py:246
Mar 18 20:43:08 juju-3f8d6e-o7ktest-21 placement-api[45233]: 2022-03-18 20:43:08.989 45233 DEBUG oslo_concurrency.lockutils [-] Releasing lock "resource_classes_sync" lock /usr/lib/python3/dist-packages/oslo_concurrency/lockutils.py:281
Mar 18 20:43:08 juju-3f8d6e-o7ktest-21 placement-api[45233]: 2022-03-18 20:43:08.991 45233 DEBUG placement.requestlog [req-531b158d-2bb0-4add-9269-257087e0ac26 - - - - -] Starting request: 10.5.1.106 "GET /" __call__ /usr/lib/python3/dist-packages/placement/requestlog.py:59
Mar 18 20:43:09 juju-3f8d6e-o7ktest-21 placement-api[45233]: 2022-03-18 20:43:09.003 45233 INFO placement.requestlog [req-531b158d-2bb0-4add-9269-257087e0ac26 - - - - -] 10.5.1.106 "GET /" status: 200 len: 136 microversion: 1.0
Mar 18 20:43:10 juju-3f8d6e-o7ktest-21 placement-api[45232]: 2022-03-18 20:43:10.926 45232 DEBUG placement.wsgi [-] ******************************************************************************** log_opt_values /usr/lib/python3/dist-packages/oslo_config/cfg.py:2567
Mar 18 20:43:10 juju-3f8d6e-o7ktest-21 placement-api[45232]: 2022-03-18 20:43:10.927 45232 DEBUG placement.wsgi [-] Configuration options gathered from: log_opt_values /usr/lib/python3/dist-packages/oslo_config/cfg.py:2568
Mar 18 20:43:10 juju-3f8d6e-o7ktest-21 placement-api[45232]: 2022-03-18 20:43:10.928 45232 DEBUG placement.wsgi [-] command line args: [] log_opt_values /usr/lib/python3/dist-packages/oslo_config/cfg.py:2569
Mar 18 20:43:10 juju-3f8d6e-o7ktest-21 placement-api[45232]: 2022-03-18 20:43:10.928 45232 DEBUG placement.wsgi [-] config files: ['/etc/placement/placement.conf'] log_opt_values /usr/lib/python3/dist-packages/oslo_config/cfg.py:2570
Mar 18 20:43:10 juju-3f8d6e-o7ktest-21 placement-api[45232]: 2022-03-18 20:43:10.928 45232 DEBUG placement.wsgi [-] ================================================================================ log_opt_values /usr/lib/python3/dist-packages/oslo_config/cfg.py:2572
Mar 18 20:43:10 juju-3f8d6e-o7ktest-21 placement-api[45232]: 2022-03-18 20:43:10.929 45232 DEBUG placement.wsgi [-] config_dir                     = [] log_opt_values /usr/lib/python3/dist-packages/oslo_config/cfg.py:2580
Mar 18 20:43:10 juju-3f8d6e-o7ktest-21 placement-api[45232]: 2022-03-18 20:43:10.929 45232 DEBUG placement.wsgi [-] config_file                    = ['/etc/placement/placement.conf'] log_opt_values /usr/lib/python3/dist-packages/oslo_config/cfg.py:2580
Mar 18 20:43:10 juju-3f8d6e-o7ktest-21 placement-api[45232]: 2022-03-18 20:43:10.929 45232 DEBUG placement.wsgi [-] config_source                  = [] log_opt_values /usr/lib/python3/dist-packages/oslo_config/cfg.py:2580
Mar 18 20:43:10 juju-3f8d6e-o7ktest-21 placement-api[45232]: 2022-03-18 20:43:10.930 45232 DEBUG placement.wsgi [-] debug                          = True log_opt_values /usr/lib/python3/dist-packages/oslo_config/cfg.py:2580
Mar 18 20:43:10 juju-3f8d6e-o7ktest-21 placement-api[45232]: 2022-03-18 20:43:10.930 45232 DEBUG placement.wsgi [-] default_log_levels             = ['amqp=WARN', 'amqplib=WARN', 'boto=WARN', 'qpid=WARN', 'sqlalchemy=WARN', 'suds=INFO', 'oslo.messaging=INFO', 'oslo_messaging=INFO', 'iso8601=WARN', 'requests.packages.urllib3.connectionpool=WARN', 'urllib3.connectionpool=WARN', 'websocket=WARN', 'requests.packages.urllib3.util.retry=WARN', 'urllib3.util.retry=WARN', 'keystonemiddleware=WARN', 'routes.middleware=WARN', 'stevedore=WARN', 'taskflow=WARN', 'keystoneauth=WARN', 'oslo.cache=INFO', 'oslo_policy=INFO', 'dogpile.core.dogpile=INFO', 'routes=INFO'] log_opt_values /usr/lib/python3/dist-packages/oslo_config/cfg.py:2580
Mar 18 20:43:10 juju-3f8d6e-o7ktest-21 placement-api[45232]: 2022-03-18 20:43:10.930 45232 DEBUG placement.wsgi [-] instance_format                = [instance: %(uuid)s]  log_opt_values /usr/lib/python3/dist-packages/oslo_config/cfg.py:2580
Mar 18 20:43:10 juju-3f8d6e-o7ktest-21 placement-api[45232]: 2022-03-18 20:43:10.931 45232 DEBUG placement.wsgi [-] instance_uuid_format           = [instance: %(uuid)s]  log_opt_values /usr/lib/python3/dist-packages/oslo_config/cfg.py:2580
Mar 18 20:43:10 juju-3f8d6e-o7ktest-21 placement-api[45232]: 2022-03-18 20:43:10.931 45232 DEBUG placement.wsgi [-] log_config_append              = None log_opt_values /usr/lib/python3/dist-packages/oslo_config/cfg.py:2580
Mar 18 20:43:10 juju-3f8d6e-o7ktest-21 placement-api[45232]: 2022-03-18 20:43:10.931 45232 DEBUG placement.wsgi [-] log_date_format                = %Y-%m-%d %H:%M:%S log_opt_values /usr/lib/python3/dist-packages/oslo_config/cfg.py:2580
Mar 18 20:43:10 juju-3f8d6e-o7ktest-21 placement-api[45232]: 2022-03-18 20:43:10.932 45232 DEBUG placement.wsgi [-] log_dir                        = None log_opt_values /usr/lib/python3/dist-packages/oslo_config/cfg.py:2580
Mar 18 20:43:10 juju-3f8d6e-o7ktest-21 placement-api[45232]: 2022-03-18 20:43:10.932 45232 DEBUG placement.wsgi [-] log_file                       = None log_opt_values /usr/lib/python3/dist-packages/oslo_config/cfg.py:2580
Mar 18 20:43:10 juju-3f8d6e-o7ktest-21 placement-api[45232]: 2022-03-18 20:43:10.932 45232 DEBUG placement.wsgi [-] log_options                    = True log_opt_values /usr/lib/python3/dist-packages/oslo_config/cfg.py:2580
Mar 18 20:43:10 juju-3f8d6e-o7ktest-21 placement-api[45232]: 2022-03-18 20:43:10.933 45232 DEBUG placement.wsgi [-] log_rotate_interval            = 1 log_opt_values /usr/lib/python3/dist-packages/oslo_config/cfg.py:2580
Mar 18 20:43:10 juju-3f8d6e-o7ktest-21 placement-api[45232]: 2022-03-18 20:43:10.933 45232 DEBUG placement.wsgi [-] log_rotate_interval_type       = days log_opt_values /usr/lib/python3/dist-packages/oslo_config/cfg.py:2580
Mar 18 20:43:10 juju-3f8d6e-o7ktest-21 placement-api[45232]: 2022-03-18 20:43:10.934 45232 DEBUG placement.wsgi [-] log_rotation_type              = none log_opt_values /usr/lib/python3/dist-packages/oslo_config/cfg.py:2580
Mar 18 20:43:10 juju-3f8d6e-o7ktest-21 placement-api[45232]: 2022-03-18 20:43:10.934 45232 DEBUG placement.wsgi [-] logging_context_format_string  = %(asctime)s.%(msecs)03d %(process)d %(levelname)s %(name)s [%(request_id)s %(user_identity)s] %(instance)s%(message)s log_opt_values /usr/lib/python3/dist-packages/oslo_config/cfg.py:2580
Mar 18 20:43:10 juju-3f8d6e-o7ktest-21 placement-api[45232]: 2022-03-18 20:43:10.934 45232 DEBUG placement.wsgi [-] logging_debug_format_suffix    = %(funcName)s %(pathname)s:%(lineno)d log_opt_values /usr/lib/python3/dist-packages/oslo_config/cfg.py:2580
Mar 18 20:43:10 juju-3f8d6e-o7ktest-21 placement-api[45232]: 2022-03-18 20:43:10.935 45232 DEBUG placement.wsgi [-] logging_default_format_string  = %(asctime)s.%(msecs)03d %(process)d %(levelname)s %(name)s [-] %(instance)s%(message)s log_opt_values /usr/lib/python3/dist-packages/oslo_config/cfg.py:2580
Mar 18 20:43:10 juju-3f8d6e-o7ktest-21 placement-api[45232]: 2022-03-18 20:43:10.935 45232 DEBUG placement.wsgi [-] logging_exception_prefix       = %(asctime)s.%(msecs)03d %(process)d ERROR %(name)s %(instance)s log_opt_values /usr/lib/python3/dist-packages/oslo_config/cfg.py:2580
Mar 18 20:43:10 juju-3f8d6e-o7ktest-21 placement-api[45232]: 2022-03-18 20:43:10.935 45232 DEBUG placement.wsgi [-] logging_user_identity_format   = %(user)s %(tenant)s %(domain)s %(user_domain)s %(project_domain)s log_opt_values /usr/lib/python3/dist-packages/oslo_config/cfg.py:2580
Mar 18 20:43:10 juju-3f8d6e-o7ktest-21 placement-api[45232]: 2022-03-18 20:43:10.936 45232 DEBUG placement.wsgi [-] max_logfile_count              = 30 log_opt_values /usr/lib/python3/dist-packages/oslo_config/cfg.py:2580
Mar 18 20:43:10 juju-3f8d6e-o7ktest-21 placement-api[45232]: 2022-03-18 20:43:10.936 45232 DEBUG placement.wsgi [-] max_logfile_size_mb            = 200 log_opt_values /usr/lib/python3/dist-packages/oslo_config/cfg.py:2580
Mar 18 20:43:10 juju-3f8d6e-o7ktest-21 placement-api[45232]: 2022-03-18 20:43:10.936 45232 DEBUG placement.wsgi [-] publish_errors                 = False log_opt_values /usr/lib/python3/dist-packages/oslo_config/cfg.py:2580
Mar 18 20:43:10 juju-3f8d6e-o7ktest-21 placement-api[45232]: 2022-03-18 20:43:10.937 45232 DEBUG placement.wsgi [-] pybasedir                      = /usr/lib/python3/dist-packages log_opt_values /usr/lib/python3/dist-packages/oslo_config/cfg.py:2580
Mar 18 20:43:10 juju-3f8d6e-o7ktest-21 placement-api[45232]: 2022-03-18 20:43:10.937 45232 DEBUG placement.wsgi [-] rate_limit_burst               = 0 log_opt_values /usr/lib/python3/dist-packages/oslo_config/cfg.py:2580
Mar 18 20:43:10 juju-3f8d6e-o7ktest-21 placement-api[45232]: 2022-03-18 20:43:10.938 45232 DEBUG placement.wsgi [-] rate_limit_except_level        = CRITICAL log_opt_values /usr/lib/python3/dist-packages/oslo_config/cfg.py:2580
Mar 18 20:43:10 juju-3f8d6e-o7ktest-21 placement-api[45232]: 2022-03-18 20:43:10.938 45232 DEBUG placement.wsgi [-] rate_limit_interval            = 0 log_opt_values /usr/lib/python3/dist-packages/oslo_config/cfg.py:2580
Mar 18 20:43:10 juju-3f8d6e-o7ktest-21 placement-api[45232]: 2022-03-18 20:43:10.938 45232 DEBUG placement.wsgi [-] state_path                     = /usr/lib/python3/dist-packages log_opt_values /usr/lib/python3/dist-packages/oslo_config/cfg.py:2580
Mar 18 20:43:10 juju-3f8d6e-o7ktest-21 placement-api[45232]: 2022-03-18 20:43:10.939 45232 DEBUG placement.wsgi [-] syslog_log_facility            = LOG_USER log_opt_values /usr/lib/python3/dist-packages/oslo_config/cfg.py:2580
Mar 18 20:43:10 juju-3f8d6e-o7ktest-21 placement-api[45232]: 2022-03-18 20:43:10.939 45232 DEBUG placement.wsgi [-] tempdir                        = None log_opt_values /usr/lib/python3/dist-packages/oslo_config/cfg.py:2580
Mar 18 20:43:10 juju-3f8d6e-o7ktest-21 placement-api[45232]: 2022-03-18 20:43:10.939 45232 DEBUG placement.wsgi [-] use_eventlog                   = False log_opt_values /usr/lib/python3/dist-packages/oslo_config/cfg.py:2580
Mar 18 20:43:10 juju-3f8d6e-o7ktest-21 placement-api[45232]: 2022-03-18 20:43:10.940 45232 DEBUG placement.wsgi [-] use_journal                    = False log_opt_values /usr/lib/python3/dist-packages/oslo_config/cfg.py:2580
Mar 18 20:43:10 juju-3f8d6e-o7ktest-21 placement-api[45232]: 2022-03-18 20:43:10.940 45232 DEBUG placement.wsgi [-] use_json                       = False log_opt_values /usr/lib/python3/dist-packages/oslo_config/cfg.py:2580
Mar 18 20:43:10 juju-3f8d6e-o7ktest-21 placement-api[45232]: 2022-03-18 20:43:10.940 45232 DEBUG placement.wsgi [-] use_stderr                     = False log_opt_values /usr/lib/python3/dist-packages/oslo_config/cfg.py:2580
Mar 18 20:43:10 juju-3f8d6e-o7ktest-21 placement-api[45232]: 2022-03-18 20:43:10.941 45232 DEBUG placement.wsgi [-] use_syslog                     = True log_opt_values /usr/lib/python3/dist-packages/oslo_config/cfg.py:2580
Mar 18 20:43:10 juju-3f8d6e-o7ktest-21 placement-api[45232]: 2022-03-18 20:43:10.941 45232 DEBUG placement.wsgi [-] watch_log_file                 = False log_opt_values /usr/lib/python3/dist-packages/oslo_config/cfg.py:2580
Mar 18 20:43:10 juju-3f8d6e-o7ktest-21 placement-api[45232]: 2022-03-18 20:43:10.941 45232 DEBUG placement.wsgi [-] api.auth_strategy              = keystone log_opt_values /usr/lib/python3/dist-packages/oslo_config/cfg.py:2587
Mar 18 20:43:10 juju-3f8d6e-o7ktest-21 placement-api[45232]: 2022-03-18 20:43:10.942 45232 DEBUG placement.wsgi [-] placement_database.connection  = **** log_opt_values /usr/lib/python3/dist-packages/oslo_config/cfg.py:2587
Mar 18 20:43:10 juju-3f8d6e-o7ktest-21 placement-api[45232]: 2022-03-18 20:43:10.942 45232 DEBUG placement.wsgi [-] placement_database.connection_debug = 0 log_opt_values /usr/lib/python3/dist-packages/oslo_config/cfg.py:2587
Mar 18 20:43:10 juju-3f8d6e-o7ktest-21 placement-api[45232]: 2022-03-18 20:43:10.943 45232 DEBUG placement.wsgi [-] placement_database.connection_parameters =  log_opt_values /usr/lib/python3/dist-packages/oslo_config/cfg.py:2587
Mar 18 20:43:10 juju-3f8d6e-o7ktest-21 placement-api[45232]: 2022-03-18 20:43:10.943 45232 DEBUG placement.wsgi [-] placement_database.connection_recycle_time = 3600 log_opt_values /usr/lib/python3/dist-packages/oslo_config/cfg.py:2587
Mar 18 20:43:10 juju-3f8d6e-o7ktest-21 placement-api[45232]: 2022-03-18 20:43:10.943 45232 DEBUG placement.wsgi [-] placement_database.connection_trace = False log_opt_values /usr/lib/python3/dist-packages/oslo_config/cfg.py:2587
Mar 18 20:43:10 juju-3f8d6e-o7ktest-21 placement-api[45232]: 2022-03-18 20:43:10.944 45232 DEBUG placement.wsgi [-] placement_database.max_overflow = None log_opt_values /usr/lib/python3/dist-packages/oslo_config/cfg.py:2587
Mar 18 20:43:10 juju-3f8d6e-o7ktest-21 placement-api[45232]: 2022-03-18 20:43:10.944 45232 DEBUG placement.wsgi [-] placement_database.max_pool_size = None log_opt_values /usr/lib/python3/dist-packages/oslo_config/cfg.py:2587
Mar 18 20:43:10 juju-3f8d6e-o7ktest-21 placement-api[45232]: 2022-03-18 20:43:10.944 45232 DEBUG placement.wsgi [-] placement_database.max_retries = 10 log_opt_values /usr/lib/python3/dist-packages/oslo_config/cfg.py:2587
Mar 18 20:43:10 juju-3f8d6e-o7ktest-21 placement-api[45232]: 2022-03-18 20:43:10.944 45232 DEBUG placement.wsgi [-] placement_database.mysql_sql_mode = TRADITIONAL log_opt_values /usr/lib/python3/dist-packages/oslo_config/cfg.py:2587
Mar 18 20:43:10 juju-3f8d6e-o7ktest-21 placement-api[45232]: 2022-03-18 20:43:10.945 45232 DEBUG placement.wsgi [-] placement_database.pool_timeout = None log_opt_values /usr/lib/python3/dist-packages/oslo_config/cfg.py:2587
Mar 18 20:43:10 juju-3f8d6e-o7ktest-21 placement-api[45232]: 2022-03-18 20:43:10.945 45232 DEBUG placement.wsgi [-] placement_database.retry_interval = 10 log_opt_values /usr/lib/python3/dist-packages/oslo_config/cfg.py:2587
Mar 18 20:43:10 juju-3f8d6e-o7ktest-21 placement-api[45232]: 2022-03-18 20:43:10.945 45232 DEBUG placement.wsgi [-] placement_database.slave_connection = **** log_opt_values /usr/lib/python3/dist-packages/oslo_config/cfg.py:2587
Mar 18 20:43:10 juju-3f8d6e-o7ktest-21 placement-api[45232]: 2022-03-18 20:43:10.946 45232 DEBUG placement.wsgi [-] placement_database.sqlite_synchronous = True log_opt_values /usr/lib/python3/dist-packages/oslo_config/cfg.py:2587
Mar 18 20:43:10 juju-3f8d6e-o7ktest-21 placement-api[45232]: 2022-03-18 20:43:10.946 45232 DEBUG placement.wsgi [-] placement_database.sync_on_startup = False log_opt_values /usr/lib/python3/dist-packages/oslo_config/cfg.py:2587
Mar 18 20:43:10 juju-3f8d6e-o7ktest-21 placement-api[45232]: 2022-03-18 20:43:10.946 45232 DEBUG placement.wsgi [-] placement.allocation_conflict_retry_count = 10 log_opt_values /usr/lib/python3/dist-packages/oslo_config/cfg.py:2587
Mar 18 20:43:10 juju-3f8d6e-o7ktest-21 placement-api[45232]: 2022-03-18 20:43:10.947 45232 DEBUG placement.wsgi [-] placement.incomplete_consumer_project_id = 00000000-0000-0000-0000-000000000000 log_opt_values /usr/lib/python3/dist-packages/oslo_config/cfg.py:2587
Mar 18 20:43:10 juju-3f8d6e-o7ktest-21 placement-api[45232]: 2022-03-18 20:43:10.947 45232 DEBUG placement.wsgi [-] placement.incomplete_consumer_user_id = 00000000-0000-0000-0000-000000000000 log_opt_values /usr/lib/python3/dist-packages/oslo_config/cfg.py:2587
Mar 18 20:43:10 juju-3f8d6e-o7ktest-21 placement-api[45232]: 2022-03-18 20:43:10.948 45232 DEBUG placement.wsgi [-] placement.policy_file          = policy.yaml log_opt_values /usr/lib/python3/dist-packages/oslo_config/cfg.py:2587
Mar 18 20:43:10 juju-3f8d6e-o7ktest-21 placement-api[45232]: 2022-03-18 20:43:10.948 45232 DEBUG placement.wsgi [-] placement.randomize_allocation_candidates = True log_opt_values /usr/lib/python3/dist-packages/oslo_config/cfg.py:2587
Mar 18 20:43:10 juju-3f8d6e-o7ktest-21 placement-api[45232]: 2022-03-18 20:43:10.948 45232 DEBUG placement.wsgi [-] oslo_policy.enforce_new_defaults = False log_opt_values /usr/lib/python3/dist-packages/oslo_config/cfg.py:2587
Mar 18 20:43:10 juju-3f8d6e-o7ktest-21 placement-api[45232]: 2022-03-18 20:43:10.949 45232 DEBUG placement.wsgi [-] oslo_policy.enforce_scope      = False log_opt_values /usr/lib/python3/dist-packages/oslo_config/cfg.py:2587
Mar 18 20:43:10 juju-3f8d6e-o7ktest-21 placement-api[45232]: 2022-03-18 20:43:10.949 45232 DEBUG placement.wsgi [-] oslo_policy.policy_default_rule = default log_opt_values /usr/lib/python3/dist-packages/oslo_config/cfg.py:2587
Mar 18 20:43:10 juju-3f8d6e-o7ktest-21 placement-api[45232]: 2022-03-18 20:43:10.949 45232 DEBUG placement.wsgi [-] oslo_policy.policy_dirs        = ['policy.d'] log_opt_values /usr/lib/python3/dist-packages/oslo_config/cfg.py:2587
Mar 18 20:43:10 juju-3f8d6e-o7ktest-21 placement-api[45232]: 2022-03-18 20:43:10.950 45232 DEBUG placement.wsgi [-] oslo_policy.policy_file        = policy.json log_opt_values /usr/lib/python3/dist-packages/oslo_config/cfg.py:2587
Mar 18 20:43:10 juju-3f8d6e-o7ktest-21 placement-api[45232]: 2022-03-18 20:43:10.950 45232 DEBUG placement.wsgi [-] oslo_policy.remote_content_type = application/x-www-form-urlencoded log_opt_values /usr/lib/python3/dist-packages/oslo_config/cfg.py:2587
Mar 18 20:43:10 juju-3f8d6e-o7ktest-21 placement-api[45232]: 2022-03-18 20:43:10.950 45232 DEBUG placement.wsgi [-] oslo_policy.remote_ssl_ca_crt_file = None log_opt_values /usr/lib/python3/dist-packages/oslo_config/cfg.py:2587
Mar 18 20:43:10 juju-3f8d6e-o7ktest-21 placement-api[45232]: 2022-03-18 20:43:10.951 45232 DEBUG placement.wsgi [-] oslo_policy.remote_ssl_client_crt_file = None log_opt_values /usr/lib/python3/dist-packages/oslo_config/cfg.py:2587
Mar 18 20:43:10 juju-3f8d6e-o7ktest-21 placement-api[45232]: 2022-03-18 20:43:10.951 45232 DEBUG placement.wsgi [-] oslo_policy.remote_ssl_client_key_file = None log_opt_values /usr/lib/python3/dist-packages/oslo_config/cfg.py:2587
Mar 18 20:43:10 juju-3f8d6e-o7ktest-21 placement-api[45232]: 2022-03-18 20:43:10.951 45232 DEBUG placement.wsgi [-] oslo_policy.remote_ssl_verify_server_crt = False log_opt_values /usr/lib/python3/dist-packages/oslo_config/cfg.py:2587
Mar 18 20:43:10 juju-3f8d6e-o7ktest-21 placement-api[45232]: 2022-03-18 20:43:10.952 45232 DEBUG placement.wsgi [-] cors.allow_credentials         = True log_opt_values /usr/lib/python3/dist-packages/oslo_config/cfg.py:2587
Mar 18 20:43:10 juju-3f8d6e-o7ktest-21 placement-api[45232]: 2022-03-18 20:43:10.952 45232 DEBUG placement.wsgi [-] cors.allow_headers             = ['X-Auth-Token', 'X-Openstack-Request-Id', 'X-Identity-Status', 'X-Roles', 'X-Service-Catalog', 'X-User-Id', 'X-Tenant-Id', 'OpenStack-API-Version'] log_opt_values /usr/lib/python3/dist-packages/oslo_config/cfg.py:2587
Mar 18 20:43:10 juju-3f8d6e-o7ktest-21 placement-api[45232]: 2022-03-18 20:43:10.953 45232 DEBUG placement.wsgi [-] cors.allow_methods             = ['GET', 'PUT', 'POST', 'DELETE', 'PATCH'] log_opt_values /usr/lib/python3/dist-packages/oslo_config/cfg.py:2587
Mar 18 20:43:10 juju-3f8d6e-o7ktest-21 placement-api[45232]: 2022-03-18 20:43:10.953 45232 DEBUG placement.wsgi [-] cors.allowed_origin            = None log_opt_values /usr/lib/python3/dist-packages/oslo_config/cfg.py:2587
Mar 18 20:43:10 juju-3f8d6e-o7ktest-21 placement-api[45232]: 2022-03-18 20:43:10.953 45232 DEBUG placement.wsgi [-] cors.expose_headers            = ['X-Auth-Token', 'X-Openstack-Request-Id', 'X-Subject-Token', 'X-Service-Token', 'OpenStack-API-Version'] log_opt_values /usr/lib/python3/dist-packages/oslo_config/cfg.py:2587
Mar 18 20:43:10 juju-3f8d6e-o7ktest-21 placement-api[45232]: 2022-03-18 20:43:10.954 45232 DEBUG placement.wsgi [-] cors.max_age                   = 3600 log_opt_values /usr/lib/python3/dist-packages/oslo_config/cfg.py:2587
Mar 18 20:43:10 juju-3f8d6e-o7ktest-21 placement-api[45232]: 2022-03-18 20:43:10.954 45232 DEBUG placement.wsgi [-] ******************************************************************************** log_opt_values /usr/lib/python3/dist-packages/oslo_config/cfg.py:2591
Mar 18 20:43:10 juju-3f8d6e-o7ktest-21 placement-api[45232]: 2022-03-18 20:43:10.960 45232 WARNING keystonemiddleware.auth_token [-] AuthToken middleware is set with keystone_authtoken.service_token_roles_required set to False. This is backwards compatible but deprecated behaviour. Please set this to True.
Mar 18 20:43:11 juju-3f8d6e-o7ktest-21 placement-api[45232]: 2022-03-18 20:43:11.015 45232 WARNING oslo_config.cfg [-] Deprecated: Option "auth_uri" from group "keystone_authtoken" is deprecated. Use option "www_authenticate_uri" from group "keystone_authtoken".
Mar 18 20:43:11 juju-3f8d6e-o7ktest-21 placement-api[45232]: 2022-03-18 20:43:11.016 45232 WARNING placement.policy [-] [placement]/policy_file is deprecated. Use [oslo_policy]/policy_file instead.
Mar 18 20:43:11 juju-3f8d6e-o7ktest-21 placement-api[45232]: 2022-03-18 20:43:11.037 45232 DEBUG oslo_concurrency.lockutils [-] Acquired lock "trait_sync" lock /usr/lib/python3/dist-packages/oslo_concurrency/lockutils.py:265
Mar 18 20:43:11 juju-3f8d6e-o7ktest-21 placement-api[45232]: 2022-03-18 20:43:11.054 45232 WARNING py.warnings [-] /usr/lib/python3/dist-packages/pymysql/cursors.py:170: Warning: (3719, "'utf8' is currently an alias for the character set UTF8MB3, but will be an alias for UTF8MB4 in a future release. Please consider using UTF8MB4 in order to be unambiguous.")
                                                               result = self._query(query)
Mar 18 20:43:11 juju-3f8d6e-o7ktest-21 placement-api[45232]: 2022-03-18 20:43:11.084 45232 DEBUG oslo_db.sqlalchemy.engines [-] MySQL server mode set to STRICT_TRANS_TABLES,STRICT_ALL_TABLES,NO_ZERO_IN_DATE,NO_ZERO_DATE,ERROR_FOR_DIVISION_BY_ZERO,TRADITIONAL,NO_ENGINE_SUBSTITUTION _check_effective_sql_mode /usr/lib/python3/dist-packages/oslo_db/sqlalchemy/engines.py:304
Mar 18 20:43:11 juju-3f8d6e-o7ktest-21 placement-api[45232]: 2022-03-18 20:43:11.096 45232 DEBUG oslo_concurrency.lockutils [-] Releasing lock "trait_sync" lock /usr/lib/python3/dist-packages/oslo_concurrency/lockutils.py:281
Mar 18 20:43:11 juju-3f8d6e-o7ktest-21 placement-api[45232]: 2022-03-18 20:43:11.097 45232 DEBUG oslo_concurrency.lockutils [-] Acquired lock "resource_classes_sync" lock /usr/lib/python3/dist-packages/oslo_concurrency/lockutils.py:265
Mar 18 20:43:11 juju-3f8d6e-o7ktest-21 placement-api[45232]: 2022-03-18 20:43:11.100 45232 DEBUG placement.objects.resource_class [-] Found existing resource classes in db: ['DISK_GB', 'FPGA', 'IPV4_ADDRESS', 'MEMORY_MB', 'MEM_ENCRYPTION_CONTEXT', 'NET_BW_EGR_KILOBIT_PER_SEC', 'NET_BW_IGR_KILOBIT_PER_SEC', 'NUMA_CORE', 'NUMA_MEMORY_MB', 'NUMA_SOCKET', 'NUMA_THREAD', 'PCI_DEVICE', 'PCPU', 'PGPU', 'SRIOV_NET_VF', 'VCPU', 'VGPU', 'VGPU_DISPLAY_HEAD'] _resource_classes_sync /usr/lib/python3/dist-packages/placement/objects/resource_class.py:229
Mar 18 20:43:11 juju-3f8d6e-o7ktest-21 placement-api[45232]: 2022-03-18 20:43:11.101 45232 DEBUG oslo_concurrency.lockutils [-] Releasing lock "resource_classes_sync" lock /usr/lib/python3/dist-packages/oslo_concurrency/lockutils.py:281
Mar 18 20:43:11 juju-3f8d6e-o7ktest-21 placement-api[45232]: 2022-03-18 20:43:11.102 45232 DEBUG placement.requestlog [req-9f722b08-89a3-4f08-ad0f-95b0bcdb3830 - - - - -] Starting request: 10.5.1.106 "GET /" __call__ /usr/lib/python3/dist-packages/placement/requestlog.py:59
Mar 18 20:43:11 juju-3f8d6e-o7ktest-21 placement-api[45232]: 2022-03-18 20:43:11.111 45232 INFO placement.requestlog [req-9f722b08-89a3-4f08-ad0f-95b0bcdb3830 - - - - -] 10.5.1.106 "GET /" status: 200 len: 136 microversion: 1.0
Mar 18 20:43:11 juju-3f8d6e-o7ktest-21 placement-api[45233]: 2022-03-18 20:43:11.496 45233 DEBUG placement.requestlog [req-edca4ac6-f77c-4a34-8900-209e4ca04ef1 - - - - -] Starting request: 10.5.1.106 "GET /" __call__ /usr/lib/python3/dist-packages/placement/requestlog.py:59
Mar 18 20:43:11 juju-3f8d6e-o7ktest-21 placement-api[45233]: 2022-03-18 20:43:11.498 45233 INFO placement.requestlog [req-edca4ac6-f77c-4a34-8900-209e4ca04ef1 - - - - -] 10.5.1.106 "GET /" status: 200 len: 136 microversion: 1.0
Mar 18 20:43:15 juju-3f8d6e-o7ktest-21 placement-api[45233]: 2022-03-18 20:43:15.890 45233 DEBUG placement.requestlog [req-48fb6520-acf7-4c53-a4bd-1ff55a53e4b9 - - - - -] Starting request: 10.5.1.106 "GET /" __call__ /usr/lib/python3/dist-packages/placement/requestlog.py:59
Mar 18 20:43:15 juju-3f8d6e-o7ktest-21 placement-api[45233]: 2022-03-18 20:43:15.892 45233 INFO placement.requestlog [req-48fb6520-acf7-4c53-a4bd-1ff55a53e4b9 - - - - -] 10.5.1.106 "GET /" status: 200 len: 136 microversion: 1.0
Mar 18 20:43:16 juju-3f8d6e-o7ktest-21 haproxy[45421]: 10.5.0.200:55570 [18/Mar/2022:20:43:14.421] tcp-in_placement-api_admin placement-api_admin_10.5.1.106/placement-2 1/0/2127 927 -- 10/10/9/2/0 0/0
Mar 18 20:44:00 juju-3f8d6e-o7ktest-21 haproxy[45421]: 10.5.0.200:55592 [18/Mar/2022:20:44:00.852] tcp-in_placement-api_admin placement-api_admin_10.5.1.106/placement-2 1/0/36 461 -- 10/10/9/2/0 0/0
Mar 18 20:44:00 juju-3f8d6e-o7ktest-21 haproxy[45421]: 10.5.0.200:55594 [18/Mar/2022:20:44:00.894] tcp-in_placement-api_admin placement-api_admin_10.5.1.106/placement-2 1/0/24 461 -- 10/10/9/2/0 0/0
Mar 18 20:44:39 juju-3f8d6e-o7ktest-21 haproxy[45421]: 10.5.2.41:52190 [18/Mar/2022:20:43:07.122] tcp-in_placement-api_admin placement-api_admin_10.5.1.106/placement-0 1/0/91884 466 cD 9/9/8/3/0 0/0
Mar 18 20:44:41 juju-3f8d6e-o7ktest-21 haproxy[45421]: 10.5.0.98:39380 [18/Mar/2022:20:43:09.509] tcp-in_placement-api_admin placement-api_admin_10.5.1.106/placement-0 1/0/91605 466 cD 8/8/7/2/0 0/0
Mar 18 20:44:41 juju-3f8d6e-o7ktest-21 haproxy[45421]: 10.5.2.41:52250 [18/Mar/2022:20:43:11.495] tcp-in_placement-api_admin placement-api_admin_10.5.1.106/placement-0 1/0/90005 466 cD 7/7/6/1/0 0/0
Mar 18 20:44:43 juju-3f8d6e-o7ktest-21 haproxy[45421]: 10.5.0.98:39376 [18/Mar/2022:20:43:09.424] tcp-in_placement-api_admin placement-api_admin_10.5.1.106/placement-2 1/0/94240 466 cD 6/6/5/1/0 0/0
Mar 18 20:44:44 juju-3f8d6e-o7ktest-21 haproxy[45421]: 10.5.3.130:44850 [18/Mar/2022:20:43:09.077] tcp-in_placement-api_admin placement-api_admin_10.5.1.106/placement-1 1/0/95176 466 cD 5/5/4/2/0 0/0
Mar 18 20:44:44 juju-3f8d6e-o7ktest-21 haproxy[45421]: 10.5.0.98:39418 [18/Mar/2022:20:43:11.912] tcp-in_placement-api_admin placement-api_admin_10.5.1.106/placement-1 1/0/92349 466 cD 4/4/3/1/0 0/0
Mar 18 20:44:45 juju-3f8d6e-o7ktest-21 haproxy[45421]: 10.5.2.41:52232 [18/Mar/2022:20:43:09.919] tcp-in_placement-api_admin placement-api_admin_10.5.1.106/placement-1 1/0/95111 466 cD 3/3/2/0/0 0/0
Mar 18 20:44:45 juju-3f8d6e-o7ktest-21 haproxy[45421]: 10.5.3.130:44870 [18/Mar/2022:20:43:11.088] tcp-in_placement-api_admin placement-api_admin_10.5.1.106/placement-2 1/0/94034 466 cD 2/2/1/0/0 0/0
Mar 18 20:44:45 juju-3f8d6e-o7ktest-21 haproxy[45421]: 10.5.3.130:44954 [18/Mar/2022:20:43:15.888] tcp-in_placement-api_admin placement-api_admin_10.5.1.106/placement-0 1/0/90004 466 cD 1/1/0/0/0 0/0
Mar 18 20:45:38 juju-3f8d6e-o7ktest-21 haproxy[45421]: 10.5.0.200:55596 [18/Mar/2022:20:45:01.131] tcp-in_placement-api_admin placement-api_admin_10.5.1.106/placement-1 1/0/37537 6440 -- 1/1/0/0/0 0/0
Mar 18 20:45:38 juju-3f8d6e-o7ktest-21 haproxy[45421]: 10.5.0.200:55598 [18/Mar/2022:20:45:38.670] tcp-in_placement-api_admin placement-api_admin_10.5.1.106/placement-2 1/0/26 461 -- 1/1/0/0/0 0/0
Mar 18 20:46:38 juju-3f8d6e-o7ktest-21 placement-api[45232]: 2022-03-18 20:46:38.871 45232 DEBUG placement.requestlog [req-982f192e-f4ce-44a0-a2df-4f11f9abe4e2 - - - - -] Starting request: 10.5.1.106 "GET /resource_providers/30260577-c946-4408-be96-87156bb6c245/allocations" __call__ /usr/lib/python3/dist-packages/placement/requestlog.py:59
Mar 18 20:46:39 juju-3f8d6e-o7ktest-21 placement-api[45232]: 2022-03-18 20:46:39.748 45232 INFO placement.requestlog [req-982f192e-f4ce-44a0-a2df-4f11f9abe4e2 7d6590c98ab14d2b9b3d53b7c3635ed9 a8f26db18b8b46b89e5f726f66b2fa29 - default default] 10.5.1.106 "GET /resource_providers/30260577-c946-4408-be96-87156bb6c245/allocations" status: 200 len: 54 microversion: 1.0
Mar 18 20:47:39 juju-3f8d6e-o7ktest-21 haproxy[45421]: 10.5.0.200:55600 [18/Mar/2022:20:46:38.870] tcp-in_placement-api_admin placement-api_admin_10.5.1.106/placement-0 1/0/61090 383 -- 1/1/0/0/0 0/0
Mar 18 20:47:51 juju-3f8d6e-o7ktest-21 systemd[1]: Configuration file /etc/systemd/system/placement-mysql-router.service is marked executable. Please remove executable permission bits. Proceeding anyway.
Mar 18 20:48:41 juju-3f8d6e-o7ktest-21 haproxy[45421]: 10.5.0.200:55602 [18/Mar/2022:20:47:39.962] tcp-in_placement-api_admin placement-api_admin_10.5.1.106/placement-1 1/0/61584 383 -- 1/1/0/0/0 0/0
Mar 18 20:48:41 juju-3f8d6e-o7ktest-21 haproxy[45421]: 10.5.0.200:55604 [18/Mar/2022:20:48:41.546] tcp-in_placement-api_admin placement-api_admin_10.5.1.106/placement-2 1/0/29 461 -- 1/1/0/0/0 0/0
Mar 18 20:49:43 juju-3f8d6e-o7ktest-21 placement-api[45233]: 2022-03-18 20:49:43.565 45233 DEBUG placement.requestlog [req-df371165-0f9b-4ccb-bb1d-361b69bb6460 - - - - -] Starting request: 10.5.1.106 "GET /resource_providers/30260577-c946-4408-be96-87156bb6c245/allocations" __call__ /usr/lib/python3/dist-packages/placement/requestlog.py:59
Mar 18 20:49:43 juju-3f8d6e-o7ktest-21 placement-api[45233]: 2022-03-18 20:49:43.588 45233 INFO placement.requestlog [req-df371165-0f9b-4ccb-bb1d-361b69bb6460 7d6590c98ab14d2b9b3d53b7c3635ed9 a8f26db18b8b46b89e5f726f66b2fa29 - default default] 10.5.1.106 "GET /resource_providers/30260577-c946-4408-be96-87156bb6c245/allocations" status: 200 len: 54 microversion: 1.0
Mar 18 20:50:45 juju-3f8d6e-o7ktest-21 haproxy[45421]: 10.5.0.200:55606 [18/Mar/2022:20:49:43.564] tcp-in_placement-api_admin placement-api_admin_10.5.1.106/placement-0 1/0/61987 383 -- 1/1/0/0/0 0/0
Mar 18 20:51:46 juju-3f8d6e-o7ktest-21 haproxy[45421]: 10.5.0.200:55608 [18/Mar/2022:20:50:45.551] tcp-in_placement-api_admin placement-api_admin_10.5.1.106/placement-1 1/0/60992 4410 -- 1/1/0/0/0 0/0
Mar 18 20:51:46 juju-3f8d6e-o7ktest-21 haproxy[45421]: 10.5.0.200:55610 [18/Mar/2022:20:51:46.543] tcp-in_placement-api_admin placement-api_admin_10.5.1.106/placement-2 1/0/23 461 -- 1/1/0/0/0 0/0
Mar 18 20:52:48 juju-3f8d6e-o7ktest-21 placement-api[45232]: 2022-03-18 20:52:48.555 45232 DEBUG placement.requestlog [req-9e32d739-a72d-44dc-b0ac-dd2e9133cb52 - - - - -] Starting request: 10.5.1.106 "GET /resource_providers/30260577-c946-4408-be96-87156bb6c245/allocations" __call__ /usr/lib/python3/dist-packages/placement/requestlog.py:59
Mar 18 20:52:48 juju-3f8d6e-o7ktest-21 placement-api[45232]: 2022-03-18 20:52:48.701 45232 INFO placement.requestlog [req-9e32d739-a72d-44dc-b0ac-dd2e9133cb52 7d6590c98ab14d2b9b3d53b7c3635ed9 a8f26db18b8b46b89e5f726f66b2fa29 - default default] 10.5.1.106 "GET /resource_providers/30260577-c946-4408-be96-87156bb6c245/allocations" status: 200 len: 54 microversion: 1.0
Mar 18 20:53:29 juju-3f8d6e-o7ktest-21 systemd[1]: Configuration file /etc/systemd/system/placement-mysql-router.service is marked executable. Please remove executable permission bits. Proceeding anyway.
Mar 18 20:53:48 juju-3f8d6e-o7ktest-21 haproxy[45421]: 10.5.0.200:55612 [18/Mar/2022:20:52:48.554] tcp-in_placement-api_admin placement-api_admin_10.5.1.106/placement-0 1/0/60004 383 -- 1/1/0/0/0 0/0
Mar 18 20:54:49 juju-3f8d6e-o7ktest-21 haproxy[45421]: 10.5.0.200:55614 [18/Mar/2022:20:53:48.559] tcp-in_placement-api_admin placement-api_admin_10.5.1.106/placement-1 1/0/60981 383 -- 1/1/0/0/0 0/0
Mar 18 20:54:49 juju-3f8d6e-o7ktest-21 haproxy[45421]: 10.5.0.200:55616 [18/Mar/2022:20:54:49.540] tcp-in_placement-api_admin placement-api_admin_10.5.1.106/placement-2 1/0/29 461 -- 1/1/0/0/0 0/0
Mar 18 20:55:50 juju-3f8d6e-o7ktest-21 placement-api[45233]: 2022-03-18 20:55:50.562 45233 DEBUG placement.requestlog [req-9d33fdd8-b0f8-4599-a767-568e9d09bcf8 - - - - -] Starting request: 10.5.1.106 "GET /resource_providers/30260577-c946-4408-be96-87156bb6c245/allocations" __call__ /usr/lib/python3/dist-packages/placement/requestlog.py:59
Mar 18 20:55:50 juju-3f8d6e-o7ktest-21 placement-api[45233]: 2022-03-18 20:55:50.580 45233 INFO placement.requestlog [req-9d33fdd8-b0f8-4599-a767-568e9d09bcf8 7d6590c98ab14d2b9b3d53b7c3635ed9 a8f26db18b8b46b89e5f726f66b2fa29 - default default] 10.5.1.106 "GET /resource_providers/30260577-c946-4408-be96-87156bb6c245/allocations" status: 200 len: 54 microversion: 1.0
Mar 18 20:55:50 juju-3f8d6e-o7ktest-21 placement-api[45232]: 2022-03-18 20:55:50.588 45232 DEBUG placement.requestlog [req-83b47352-47b1-440e-90ec-d9f8850d69ec - - - - -] Starting request: 10.5.1.106 "GET /resource_providers?in_tree=30260577-c946-4408-be96-87156bb6c245" __call__ /usr/lib/python3/dist-packages/placement/requestlog.py:59
Mar 18 20:55:50 juju-3f8d6e-o7ktest-21 placement-api[45232]: 2022-03-18 20:55:50.601 45232 INFO placement.requestlog [req-83b47352-47b1-440e-90ec-d9f8850d69ec 7d6590c98ab14d2b9b3d53b7c3635ed9 a8f26db18b8b46b89e5f726f66b2fa29 - default default] 10.5.1.106 "GET /resource_providers?in_tree=30260577-c946-4408-be96-87156bb6c245" status: 200 len: 821 microversion: 1.14
Mar 18 20:55:50 juju-3f8d6e-o7ktest-21 placement-api[45233]: 2022-03-18 20:55:50.606 45233 DEBUG placement.requestlog [req-3691b31a-62dc-4d85-92c9-84d57ef9c9fd - - - - -] Starting request: 10.5.1.106 "GET /resource_providers/30260577-c946-4408-be96-87156bb6c245/inventories" __call__ /usr/lib/python3/dist-packages/placement/requestlog.py:59
Mar 18 20:55:50 juju-3f8d6e-o7ktest-21 placement-api[45233]: 2022-03-18 20:55:50.625 45233 INFO placement.requestlog [req-3691b31a-62dc-4d85-92c9-84d57ef9c9fd 7d6590c98ab14d2b9b3d53b7c3635ed9 a8f26db18b8b46b89e5f726f66b2fa29 - default default] 10.5.1.106 "GET /resource_providers/30260577-c946-4408-be96-87156bb6c245/inventories" status: 200 len: 395 microversion: 1.0
Mar 18 20:55:50 juju-3f8d6e-o7ktest-21 placement-api[45232]: 2022-03-18 20:55:50.631 45232 DEBUG placement.requestlog [req-6647d4e7-aaf1-4041-b8ac-a07eb26ad878 - - - - -] Starting request: 10.5.1.106 "GET /resource_providers/30260577-c946-4408-be96-87156bb6c245/aggregates" __call__ /usr/lib/python3/dist-packages/placement/requestlog.py:59
Mar 18 20:55:50 juju-3f8d6e-o7ktest-21 placement-api[45232]: 2022-03-18 20:55:50.645 45232 INFO placement.requestlog [req-6647d4e7-aaf1-4041-b8ac-a07eb26ad878 7d6590c98ab14d2b9b3d53b7c3635ed9 a8f26db18b8b46b89e5f726f66b2fa29 - default default] 10.5.1.106 "GET /resource_providers/30260577-c946-4408-be96-87156bb6c245/aggregates" status: 200 len: 53 microversion: 1.19
Mar 18 20:55:50 juju-3f8d6e-o7ktest-21 placement-api[45233]: 2022-03-18 20:55:50.650 45233 DEBUG placement.requestlog [req-b2dc9a73-3e13-4fbf-8634-b37b3ed38e1b - - - - -] Starting request: 10.5.1.106 "GET /resource_providers/30260577-c946-4408-be96-87156bb6c245/traits" __call__ /usr/lib/python3/dist-packages/placement/requestlog.py:59
Mar 18 20:55:50 juju-3f8d6e-o7ktest-21 placement-api[45233]: 2022-03-18 20:55:50.671 45233 INFO placement.requestlog [req-b2dc9a73-3e13-4fbf-8634-b37b3ed38e1b 7d6590c98ab14d2b9b3d53b7c3635ed9 a8f26db18b8b46b89e5f726f66b2fa29 - default default] 10.5.1.106 "GET /resource_providers/30260577-c946-4408-be96-87156bb6c245/traits" status: 200 len: 1369 microversion: 1.6
Mar 18 20:56:52 juju-3f8d6e-o7ktest-21 haproxy[45421]: 10.5.0.200:55618 [18/Mar/2022:20:55:50.561] tcp-in_placement-api_admin placement-api_admin_10.5.1.106/placement-0 1/0/62011 4410 -- 1/1/0/0/0 0/0
Mar 18 20:57:53 juju-3f8d6e-o7ktest-21 haproxy[45421]: 10.5.0.200:55620 [18/Mar/2022:20:56:52.573] tcp-in_placement-api_admin placement-api_admin_10.5.1.106/placement-1 1/0/60980 383 -- 1/1/0/0/0 0/0
Mar 18 20:57:53 juju-3f8d6e-o7ktest-21 haproxy[45421]: 10.5.0.200:55622 [18/Mar/2022:20:57:53.554] tcp-in_placement-api_admin placement-api_admin_10.5.1.106/placement-2 1/0/22 461 -- 1/1/0/0/0 0/0
Mar 18 20:58:53 juju-3f8d6e-o7ktest-21 placement-api[45232]: 2022-03-18 20:58:53.605 45232 DEBUG placement.requestlog [req-9859f226-34ac-4290-ae53-d91db0ce79d3 - - - - -] Starting request: 10.5.1.106 "GET /resource_providers/30260577-c946-4408-be96-87156bb6c245/allocations" __call__ /usr/lib/python3/dist-packages/placement/requestlog.py:59
Mar 18 20:58:54 juju-3f8d6e-o7ktest-21 placement-api[45232]: 2022-03-18 20:58:54.223 45232 INFO placement.requestlog [req-9859f226-34ac-4290-ae53-d91db0ce79d3 7d6590c98ab14d2b9b3d53b7c3635ed9 a8f26db18b8b46b89e5f726f66b2fa29 - default default] 10.5.1.106 "GET /resource_providers/30260577-c946-4408-be96-87156bb6c245/allocations" status: 200 len: 54 microversion: 1.0
Mar 18 20:59:17 juju-3f8d6e-o7ktest-21 systemd[1]: Configuration file /etc/systemd/system/placement-mysql-router.service is marked executable. Please remove executable permission bits. Proceeding anyway.
Mar 18 20:59:54 juju-3f8d6e-o7ktest-21 haproxy[45421]: 10.5.0.200:55624 [18/Mar/2022:20:58:53.604] tcp-in_placement-api_admin placement-api_admin_10.5.1.106/placement-0 1/0/60951 383 -- 1/1/0/0/0 0/0
Mar 18 21:00:55 juju-3f8d6e-o7ktest-21 haproxy[45421]: 10.5.0.200:55626 [18/Mar/2022:20:59:54.556] tcp-in_placement-api_admin placement-api_admin_10.5.1.106/placement-1 1/0/60989 383 -- 1/1/0/0/0 0/0
Mar 18 21:00:55 juju-3f8d6e-o7ktest-21 haproxy[45421]: 10.5.0.200:55628 [18/Mar/2022:21:00:55.545] tcp-in_placement-api_admin placement-api_admin_10.5.1.106/placement-2 1/0/26 461 -- 1/1/0/0/0 0/0
Mar 18 21:00:55 juju-3f8d6e-o7ktest-21 placement-api[45233]: 2022-03-18 21:00:55.579 45233 DEBUG placement.requestlog [req-6621cee7-66a8-4239-b8d1-49f5eac1a0bb - - - - -] Starting request: 10.5.1.106 "GET /resource_providers?in_tree=30260577-c946-4408-be96-87156bb6c245" __call__ /usr/lib/python3/dist-packages/placement/requestlog.py:59
Mar 18 21:00:55 juju-3f8d6e-o7ktest-21 placement-api[45233]: 2022-03-18 21:00:55.595 45233 INFO placement.requestlog [req-6621cee7-66a8-4239-b8d1-49f5eac1a0bb 7d6590c98ab14d2b9b3d53b7c3635ed9 a8f26db18b8b46b89e5f726f66b2fa29 - default default] 10.5.1.106 "GET /resource_providers?in_tree=30260577-c946-4408-be96-87156bb6c245" status: 200 len: 821 microversion: 1.14
Mar 18 21:00:55 juju-3f8d6e-o7ktest-21 placement-api[45232]: 2022-03-18 21:00:55.601 45232 DEBUG placement.requestlog [req-ee82ee5b-30d1-48e9-a5e6-ac3d3b991dab - - - - -] Starting request: 10.5.1.106 "GET /resource_providers/30260577-c946-4408-be96-87156bb6c245/inventories" __call__ /usr/lib/python3/dist-packages/placement/requestlog.py:59
Mar 18 21:00:55 juju-3f8d6e-o7ktest-21 placement-api[45232]: 2022-03-18 21:00:55.620 45232 INFO placement.requestlog [req-ee82ee5b-30d1-48e9-a5e6-ac3d3b991dab 7d6590c98ab14d2b9b3d53b7c3635ed9 a8f26db18b8b46b89e5f726f66b2fa29 - default default] 10.5.1.106 "GET /resource_providers/30260577-c946-4408-be96-87156bb6c245/inventories" status: 200 len: 395 microversion: 1.0
Mar 18 21:00:55 juju-3f8d6e-o7ktest-21 placement-api[45233]: 2022-03-18 21:00:55.626 45233 DEBUG placement.requestlog [req-a5fff66a-8bcb-4618-abdc-8a113759ff0c - - - - -] Starting request: 10.5.1.106 "GET /resource_providers/30260577-c946-4408-be96-87156bb6c245/aggregates" __call__ /usr/lib/python3/dist-packages/placement/requestlog.py:59
Mar 18 21:00:55 juju-3f8d6e-o7ktest-21 placement-api[45233]: 2022-03-18 21:00:55.640 45233 INFO placement.requestlog [req-a5fff66a-8bcb-4618-abdc-8a113759ff0c 7d6590c98ab14d2b9b3d53b7c3635ed9 a8f26db18b8b46b89e5f726f66b2fa29 - default default] 10.5.1.106 "GET /resource_providers/30260577-c946-4408-be96-87156bb6c245/aggregates" status: 200 len: 53 microversion: 1.19
Mar 18 21:00:55 juju-3f8d6e-o7ktest-21 placement-api[45232]: 2022-03-18 21:00:55.646 45232 DEBUG placement.requestlog [req-fc272070-0d2e-4db5-a066-f682809a3eae - - - - -] Starting request: 10.5.1.106 "GET /resource_providers/30260577-c946-4408-be96-87156bb6c245/traits" __call__ /usr/lib/python3/dist-packages/placement/requestlog.py:59
Mar 18 21:00:55 juju-3f8d6e-o7ktest-21 placement-api[45232]: 2022-03-18 21:00:55.669 45232 INFO placement.requestlog [req-fc272070-0d2e-4db5-a066-f682809a3eae 7d6590c98ab14d2b9b3d53b7c3635ed9 a8f26db18b8b46b89e5f726f66b2fa29 - default default] 10.5.1.106 "GET /resource_providers/30260577-c946-4408-be96-87156bb6c245/traits" status: 200 len: 1369 microversion: 1.6
Mar 18 21:01:55 juju-3f8d6e-o7ktest-21 haproxy[45421]: 10.5.0.200:55630 [18/Mar/2022:21:00:55.578] tcp-in_placement-api_admin placement-api_admin_10.5.1.106/placement-0 1/0/59972 4028 -- 1/1/0/0/0 0/0
Mar 18 21:02:56 juju-3f8d6e-o7ktest-21 haproxy[45421]: 10.5.0.200:55632 [18/Mar/2022:21:01:55.551] tcp-in_placement-api_admin placement-api_admin_10.5.1.106/placement-1 1/0/61026 383 -- 1/1/0/0/0 0/0
Mar 18 21:02:56 juju-3f8d6e-o7ktest-21 haproxy[45421]: 10.5.0.200:55634 [18/Mar/2022:21:02:56.580] tcp-in_placement-api_admin placement-api_admin_10.5.1.106/placement-2 1/0/23 461 -- 1/1/0/0/0 0/0
Mar 18 21:03:57 juju-3f8d6e-o7ktest-21 placement-api[45233]: 2022-03-18 21:03:57.563 45233 DEBUG placement.requestlog [req-732e6f81-528f-4621-922f-2db54c7f16b7 - - - - -] Starting request: 10.5.1.106 "GET /resource_providers/30260577-c946-4408-be96-87156bb6c245/allocations" __call__ /usr/lib/python3/dist-packages/placement/requestlog.py:59
Mar 18 21:03:58 juju-3f8d6e-o7ktest-21 placement-api[45233]: 2022-03-18 21:03:58.305 45233 INFO placement.requestlog [req-732e6f81-528f-4621-922f-2db54c7f16b7 7d6590c98ab14d2b9b3d53b7c3635ed9 a8f26db18b8b46b89e5f726f66b2fa29 - default default] 10.5.1.106 "GET /resource_providers/30260577-c946-4408-be96-87156bb6c245/allocations" status: 200 len: 54 microversion: 1.0
Mar 18 21:04:33 juju-3f8d6e-o7ktest-21 systemd[1]: Configuration file /etc/systemd/system/placement-mysql-router.service is marked executable. Please remove executable permission bits. Proceeding anyway.
Mar 18 21:04:58 juju-3f8d6e-o7ktest-21 haproxy[45421]: 10.5.0.200:55636 [18/Mar/2022:21:03:57.562] tcp-in_placement-api_admin placement-api_admin_10.5.1.106/placement-0 1/0/60976 383 -- 1/1/0/0/0 0/0
Mar 18 21:05:59 juju-3f8d6e-o7ktest-21 haproxy[45421]: 10.5.0.200:55638 [18/Mar/2022:21:04:58.538] tcp-in_placement-api_admin placement-api_admin_10.5.1.106/placement-1 1/0/61002 383 -- 1/1/0/0/0 0/0
Mar 18 21:05:59 juju-3f8d6e-o7ktest-21 haproxy[45421]: 10.5.0.200:55640 [18/Mar/2022:21:05:59.542] tcp-in_placement-api_admin placement-api_admin_10.5.1.106/placement-2 1/0/35 461 -- 1/1/0/0/0 0/0
Mar 18 21:05:59 juju-3f8d6e-o7ktest-21 placement-api[45232]: 2022-03-18 21:05:59.584 45232 DEBUG placement.requestlog [req-a193a966-76ee-4061-b024-6b36293036d4 - - - - -] Starting request: 10.5.1.106 "GET /resource_providers?in_tree=30260577-c946-4408-be96-87156bb6c245" __call__ /usr/lib/python3/dist-packages/placement/requestlog.py:59
Mar 18 21:05:59 juju-3f8d6e-o7ktest-21 placement-api[45232]: 2022-03-18 21:05:59.598 45232 INFO placement.requestlog [req-a193a966-76ee-4061-b024-6b36293036d4 7d6590c98ab14d2b9b3d53b7c3635ed9 a8f26db18b8b46b89e5f726f66b2fa29 - default default] 10.5.1.106 "GET /resource_providers?in_tree=30260577-c946-4408-be96-87156bb6c245" status: 200 len: 821 microversion: 1.14
Mar 18 21:05:59 juju-3f8d6e-o7ktest-21 placement-api[45233]: 2022-03-18 21:05:59.604 45233 DEBUG placement.requestlog [req-be67bb05-f7f7-4556-9718-f86b2eed1726 - - - - -] Starting request: 10.5.1.106 "GET /resource_providers/30260577-c946-4408-be96-87156bb6c245/inventories" __call__ /usr/lib/python3/dist-packages/placement/requestlog.py:59
Mar 18 21:05:59 juju-3f8d6e-o7ktest-21 placement-api[45233]: 2022-03-18 21:05:59.624 45233 INFO placement.requestlog [req-be67bb05-f7f7-4556-9718-f86b2eed1726 7d6590c98ab14d2b9b3d53b7c3635ed9 a8f26db18b8b46b89e5f726f66b2fa29 - default default] 10.5.1.106 "GET /resource_providers/30260577-c946-4408-be96-87156bb6c245/inventories" status: 200 len: 395 microversion: 1.0
Mar 18 21:05:59 juju-3f8d6e-o7ktest-21 placement-api[45232]: 2022-03-18 21:05:59.630 45232 DEBUG placement.requestlog [req-508d0d8d-54b1-4224-a1e9-784800b879f6 - - - - -] Starting request: 10.5.1.106 "GET /resource_providers/30260577-c946-4408-be96-87156bb6c245/aggregates" __call__ /usr/lib/python3/dist-packages/placement/requestlog.py:59
Mar 18 21:05:59 juju-3f8d6e-o7ktest-21 placement-api[45232]: 2022-03-18 21:05:59.645 45232 INFO placement.requestlog [req-508d0d8d-54b1-4224-a1e9-784800b879f6 7d6590c98ab14d2b9b3d53b7c3635ed9 a8f26db18b8b46b89e5f726f66b2fa29 - default default] 10.5.1.106 "GET /resource_providers/30260577-c946-4408-be96-87156bb6c245/aggregates" status: 200 len: 53 microversion: 1.19
Mar 18 21:05:59 juju-3f8d6e-o7ktest-21 placement-api[45233]: 2022-03-18 21:05:59.650 45233 DEBUG placement.requestlog [req-c692d48d-bcc2-43ad-a9e3-539df8eea59b - - - - -] Starting request: 10.5.1.106 "GET /resource_providers/30260577-c946-4408-be96-87156bb6c245/traits" __call__ /usr/lib/python3/dist-packages/placement/requestlog.py:59
Mar 18 21:05:59 juju-3f8d6e-o7ktest-21 placement-api[45233]: 2022-03-18 21:05:59.674 45233 INFO placement.requestlog [req-c692d48d-bcc2-43ad-a9e3-539df8eea59b 7d6590c98ab14d2b9b3d53b7c3635ed9 a8f26db18b8b46b89e5f726f66b2fa29 - default default] 10.5.1.106 "GET /resource_providers/30260577-c946-4408-be96-87156bb6c245/traits" status: 200 len: 1369 microversion: 1.6
Mar 18 21:07:00 juju-3f8d6e-o7ktest-21 haproxy[45421]: 10.5.0.200:55642 [18/Mar/2022:21:05:59.582] tcp-in_placement-api_admin placement-api_admin_10.5.1.106/placement-0 1/0/60959 4028 -- 1/1/0/0/0 0/0
Mar 18 21:08:01 juju-3f8d6e-o7ktest-21 haproxy[45421]: 10.5.0.200:55644 [18/Mar/2022:21:07:00.542] tcp-in_placement-api_admin placement-api_admin_10.5.1.106/placement-1 1/0/61038 383 -- 1/1/0/0/0 0/0
Mar 18 21:08:01 juju-3f8d6e-o7ktest-21 haproxy[45421]: 10.5.0.200:55646 [18/Mar/2022:21:08:01.582] tcp-in_placement-api_admin placement-api_admin_10.5.1.106/placement-2 1/0/24 461 -- 1/1/0/0/0 0/0
Mar 18 21:09:02 juju-3f8d6e-o7ktest-21 placement-api[45232]: 2022-03-18 21:09:02.552 45232 DEBUG placement.requestlog [req-456ba981-4d79-40da-9c01-c0a26a8b6aab - - - - -] Starting request: 10.5.1.106 "GET /resource_providers/30260577-c946-4408-be96-87156bb6c245/allocations" __call__ /usr/lib/python3/dist-packages/placement/requestlog.py:59
Mar 18 21:09:02 juju-3f8d6e-o7ktest-21 placement-api[45232]: 2022-03-18 21:09:02.730 45232 INFO placement.requestlog [req-456ba981-4d79-40da-9c01-c0a26a8b6aab 7d6590c98ab14d2b9b3d53b7c3635ed9 a8f26db18b8b46b89e5f726f66b2fa29 - default default] 10.5.1.106 "GET /resource_providers/30260577-c946-4408-be96-87156bb6c245/allocations" status: 200 len: 54 microversion: 1.0
Mar 18 21:09:32 juju-3f8d6e-o7ktest-21 systemd[1]: Configuration file /etc/systemd/system/placement-mysql-router.service is marked executable. Please remove executable permission bits. Proceeding anyway.
Mar 18 21:10:02 juju-3f8d6e-o7ktest-21 haproxy[45421]: 10.5.0.200:55648 [18/Mar/2022:21:09:02.550] tcp-in_placement-api_admin placement-api_admin_10.5.1.106/placement-0 1/0/60006 383 -- 1/1/0/0/0 0/0
Mar 18 21:11:03 juju-3f8d6e-o7ktest-21 haproxy[45421]: 10.5.0.200:55650 [18/Mar/2022:21:10:02.557] tcp-in_placement-api_admin placement-api_admin_10.5.1.106/placement-1 1/0/60980 383 -- 1/1/0/0/0 0/0
Mar 18 21:11:03 juju-3f8d6e-o7ktest-21 haproxy[45421]: 10.5.0.200:55652 [18/Mar/2022:21:11:03.538] tcp-in_placement-api_admin placement-api_admin_10.5.1.106/placement-2 1/0/26 461 -- 1/1/0/0/0 0/0
Mar 18 21:11:03 juju-3f8d6e-o7ktest-21 placement-api[45233]: 2022-03-18 21:11:03.570 45233 DEBUG placement.requestlog [req-59817199-ed72-4a2b-b90f-bb532279d713 - - - - -] Starting request: 10.5.1.106 "GET /resource_providers?in_tree=30260577-c946-4408-be96-87156bb6c245" __call__ /usr/lib/python3/dist-packages/placement/requestlog.py:59
Mar 18 21:11:03 juju-3f8d6e-o7ktest-21 placement-api[45233]: 2022-03-18 21:11:03.584 45233 INFO placement.requestlog [req-59817199-ed72-4a2b-b90f-bb532279d713 7d6590c98ab14d2b9b3d53b7c3635ed9 a8f26db18b8b46b89e5f726f66b2fa29 - default default] 10.5.1.106 "GET /resource_providers?in_tree=30260577-c946-4408-be96-87156bb6c245" status: 200 len: 821 microversion: 1.14
Mar 18 21:11:03 juju-3f8d6e-o7ktest-21 placement-api[45232]: 2022-03-18 21:11:03.590 45232 DEBUG placement.requestlog [req-eea5420f-c700-4f4b-be26-842636893ea2 - - - - -] Starting request: 10.5.1.106 "GET /resource_providers/30260577-c946-4408-be96-87156bb6c245/inventories" __call__ /usr/lib/python3/dist-packages/placement/requestlog.py:59
Mar 18 21:11:03 juju-3f8d6e-o7ktest-21 placement-api[45232]: 2022-03-18 21:11:03.612 45232 INFO placement.requestlog [req-eea5420f-c700-4f4b-be26-842636893ea2 7d6590c98ab14d2b9b3d53b7c3635ed9 a8f26db18b8b46b89e5f726f66b2fa29 - default default] 10.5.1.106 "GET /resource_providers/30260577-c946-4408-be96-87156bb6c245/inventories" status: 200 len: 395 microversion: 1.0
Mar 18 21:11:03 juju-3f8d6e-o7ktest-21 placement-api[45233]: 2022-03-18 21:11:03.618 45233 DEBUG placement.requestlog [req-f64ad4a5-862f-428e-81ac-8e98bf369226 - - - - -] Starting request: 10.5.1.106 "GET /resource_providers/30260577-c946-4408-be96-87156bb6c245/aggregates" __call__ /usr/lib/python3/dist-packages/placement/requestlog.py:59
